Archive member included to satisfy reference by file (symbol)

/home/melvin/.pico-sdk/toolchain/13_2_Rel1/bin/../lib/gcc/arm-none-eabi/13.2.1/thumb/v6-m/nofp/libgcc.a(_dvmd_tls.o)
                              CMakeFiles/BitDogAnalyzer.dir/home/melvin/.pico-sdk/sdk/1.5.1/src/rp2_common/pico_divider/divider.S.obj (__aeabi_idiv0)
/home/melvin/.pico-sdk/toolchain/13_2_Rel1/bin/../lib/gcc/arm-none-eabi/13.2.1/../../../../arm-none-eabi/lib/thumb/v6-m/nofp/libc.a(libc_a-malloc.o)
                              CMakeFiles/BitDogAnalyzer.dir/home/melvin/.pico-sdk/sdk/1.5.1/src/rp2_common/pico_malloc/pico_malloc.c.obj (malloc)
/home/melvin/.pico-sdk/toolchain/13_2_Rel1/bin/../lib/gcc/arm-none-eabi/13.2.1/../../../../arm-none-eabi/lib/thumb/v6-m/nofp/libc.a(libc_a-mallocr.o)
                              /home/melvin/.pico-sdk/toolchain/13_2_Rel1/bin/../lib/gcc/arm-none-eabi/13.2.1/../../../../arm-none-eabi/lib/thumb/v6-m/nofp/libc.a(libc_a-malloc.o) (_malloc_r)
/home/melvin/.pico-sdk/toolchain/13_2_Rel1/bin/../lib/gcc/arm-none-eabi/13.2.1/../../../../arm-none-eabi/lib/thumb/v6-m/nofp/libc.a(libc_a-init.o)
                              /home/melvin/.pico-sdk/toolchain/13_2_Rel1/bin/../lib/gcc/arm-none-eabi/13.2.1/../../../../arm-none-eabi/lib/thumb/v6-m/nofp/crt0.o (__libc_init_array)
/home/melvin/.pico-sdk/toolchain/13_2_Rel1/bin/../lib/gcc/arm-none-eabi/13.2.1/../../../../arm-none-eabi/lib/thumb/v6-m/nofp/libc.a(libc_a-sysconf.o)
                              /home/melvin/.pico-sdk/toolchain/13_2_Rel1/bin/../lib/gcc/arm-none-eabi/13.2.1/../../../../arm-none-eabi/lib/thumb/v6-m/nofp/libc.a(libc_a-mallocr.o) (sysconf)
/home/melvin/.pico-sdk/toolchain/13_2_Rel1/bin/../lib/gcc/arm-none-eabi/13.2.1/../../../../arm-none-eabi/lib/thumb/v6-m/nofp/libc.a(libc_a-mlock.o)
                              /home/melvin/.pico-sdk/toolchain/13_2_Rel1/bin/../lib/gcc/arm-none-eabi/13.2.1/../../../../arm-none-eabi/lib/thumb/v6-m/nofp/libc.a(libc_a-mallocr.o) (__malloc_lock)
/home/melvin/.pico-sdk/toolchain/13_2_Rel1/bin/../lib/gcc/arm-none-eabi/13.2.1/../../../../arm-none-eabi/lib/thumb/v6-m/nofp/libc.a(libc_a-calloc.o)
                              CMakeFiles/BitDogAnalyzer.dir/home/melvin/.pico-sdk/sdk/1.5.1/src/rp2_common/pico_malloc/pico_malloc.c.obj (calloc)
/home/melvin/.pico-sdk/toolchain/13_2_Rel1/bin/../lib/gcc/arm-none-eabi/13.2.1/../../../../arm-none-eabi/lib/thumb/v6-m/nofp/libc.a(libc_a-callocr.o)
                              /home/melvin/.pico-sdk/toolchain/13_2_Rel1/bin/../lib/gcc/arm-none-eabi/13.2.1/../../../../arm-none-eabi/lib/thumb/v6-m/nofp/libc.a(libc_a-calloc.o) (_calloc_r)
/home/melvin/.pico-sdk/toolchain/13_2_Rel1/bin/../lib/gcc/arm-none-eabi/13.2.1/../../../../arm-none-eabi/lib/thumb/v6-m/nofp/libc.a(libc_a-realloc.o)
                              CMakeFiles/BitDogAnalyzer.dir/home/melvin/.pico-sdk/sdk/1.5.1/src/rp2_common/pico_malloc/pico_malloc.c.obj (realloc)
/home/melvin/.pico-sdk/toolchain/13_2_Rel1/bin/../lib/gcc/arm-none-eabi/13.2.1/../../../../arm-none-eabi/lib/thumb/v6-m/nofp/libc.a(libc_a-impure.o)
                              /home/melvin/.pico-sdk/toolchain/13_2_Rel1/bin/../lib/gcc/arm-none-eabi/13.2.1/../../../../arm-none-eabi/lib/thumb/v6-m/nofp/libc.a(libc_a-malloc.o) (_impure_ptr)
/home/melvin/.pico-sdk/toolchain/13_2_Rel1/bin/../lib/gcc/arm-none-eabi/13.2.1/../../../../arm-none-eabi/lib/thumb/v6-m/nofp/libc.a(libc_a-findfp.o)
                              /home/melvin/.pico-sdk/toolchain/13_2_Rel1/bin/../lib/gcc/arm-none-eabi/13.2.1/../../../../arm-none-eabi/lib/thumb/v6-m/nofp/libc.a(libc_a-impure.o) (__sf)
/home/melvin/.pico-sdk/toolchain/13_2_Rel1/bin/../lib/gcc/arm-none-eabi/13.2.1/../../../../arm-none-eabi/lib/thumb/v6-m/nofp/libc.a(libc_a-strlen-stub.o)
                              CMakeFiles/BitDogAnalyzer.dir/home/melvin/.pico-sdk/sdk/1.5.1/src/rp2_common/pico_stdio/stdio.c.obj (strlen)
/home/melvin/.pico-sdk/toolchain/13_2_Rel1/bin/../lib/gcc/arm-none-eabi/13.2.1/../../../../arm-none-eabi/lib/thumb/v6-m/nofp/libc.a(libc_a-reallocr.o)
                              /home/melvin/.pico-sdk/toolchain/13_2_Rel1/bin/../lib/gcc/arm-none-eabi/13.2.1/../../../../arm-none-eabi/lib/thumb/v6-m/nofp/libc.a(libc_a-realloc.o) (_realloc_r)
/home/melvin/.pico-sdk/toolchain/13_2_Rel1/bin/../lib/gcc/arm-none-eabi/13.2.1/../../../../arm-none-eabi/lib/thumb/v6-m/nofp/libc.a(libc_a-freer.o)
                              /home/melvin/.pico-sdk/toolchain/13_2_Rel1/bin/../lib/gcc/arm-none-eabi/13.2.1/../../../../arm-none-eabi/lib/thumb/v6-m/nofp/libc.a(libc_a-malloc.o) (_free_r)
/home/melvin/.pico-sdk/toolchain/13_2_Rel1/bin/../lib/gcc/arm-none-eabi/13.2.1/../../../../arm-none-eabi/lib/thumb/v6-m/nofp/libc.a(libc_a-stdio.o)
                              /home/melvin/.pico-sdk/toolchain/13_2_Rel1/bin/../lib/gcc/arm-none-eabi/13.2.1/../../../../arm-none-eabi/lib/thumb/v6-m/nofp/libc.a(libc_a-findfp.o) (__sread)
[...]
Memory Configuration

Name             Origin             Length             Attributes
FLASH            0x10000000         0x00200000         xr
RAM              0x20000000         0x00040000         xrw
SCRATCH_X        0x20040000         0x00001000         xrw
SCRATCH_Y        0x20041000         0x00001000         xrw
*default*        0x00000000         0xffffffff

Linker script and memory map

LOAD /home/melvin/.pico-sdk/toolchain/13_2_Rel1/bin/../lib/gcc/arm-none-eabi/13.2.1/thumb/v6-m/nofp/crti.o
LOAD /home/melvin/.pico-sdk/toolchain/13_2_Rel1/bin/../lib/gcc/arm-none-eabi/13.2.1/thumb/v6-m/nofp/crtbegin.o
LOAD /home/melvin/.pico-sdk/toolchain/13_2_Rel1/bin/../lib/gcc/arm-none-eabi/13.2.1/../../../../arm-none-eabi/lib/thumb/v6-m/nofp/crt0.o

.flash_begin    0x10000000        0x0
                0x10000000                        __flash_binary_start = .

.boot2          0x10000000      0x100
                0x10000000                        __boot2_start__ = .
 *(.boot2)
 .boot2         0x10000000      0x100 /tmp/ccQxO2Zc.o
                0x10000100                        __boot2_end__ = .
                0x00000001                        ASSERT (((__boot2_end__ - __boot2_start__) == 0x100), ERROR: Pico second stage bootloader must be 256 bytes in size)

.text           0x10000100     0x5888
                0x10000100                        __logical_binary_start = .
 *(.vectors)
 .vectors       0x10000100       0xd4 CMakeFiles/BitDogAnalyzer.dir/home/melvin/.pico-sdk/sdk/1.5.1/src/rp2_common/pico_standard_link/crt0.S.obj
                0x10000100                __vectors
                0x10000100                __VECTOR_TABLE
                0x100001c0                isr_invalid
                0x100001c0                __default_isrs_start
                0x100001c2                isr_nmi
                0x100001c4                isr_hardfault
                0x100001c6                isr_svcall
                0x100001c8                isr_pendsv
                0x100001ca                isr_systick
                0x100001cc                isr_irq30
                0x100001cc                __unhandled_user_irq
                0x100001cc                isr_irq13
                0x100001cc                isr_irq27
                0x100001cc                isr_irq31
                0x100001cc                isr_irq5
                0x100001cc                isr_irq11
                0x100001cc                isr_irq23
                0x100001cc                isr_irq18
                0x100001cc                isr_irq28
                0x100001cc                isr_irq19
                0x100001cc                isr_irq0
                0x100001cc                isr_irq6
                0x100001cc                isr_irq22
                0x100001cc                isr_irq17
                0x100001cc                isr_irq14
                0x100001cc                isr_irq2
                0x100001cc                isr_irq10
                0x100001cc                isr_irq8
                0x100001cc                isr_irq24
                0x100001cc                isr_irq1
                0x100001cc                isr_irq7
                0x100001cc                isr_irq21
                0x100001cc                isr_irq20
                0x100001cc                isr_irq15
                0x100001cc                isr_irq25
                0x100001cc                isr_irq4
                0x100001cc                isr_irq16
                0x100001cc                isr_irq29
                0x100001cc                isr_irq26
                0x100001cc                __default_isrs_end
                0x100001cc                isr_irq3
                0x100001cc                isr_irq12
                0x100001cc                isr_irq9
                0x100001d2                unhandled_user_irq_num_in_r0
 *(.binary_info_header)
 .binary_info_header
                0x100001d4       0x14 CMakeFiles/BitDogAnalyzer.dir/home/melvin/.pico-sdk/sdk/1.5.1/src/rp2_common/pico_standard_link/crt0.S.obj
                0x100001e8                        __binary_info_header_end = .
 *(.reset)
 .reset         0x100001e8       0xa0 CMakeFiles/BitDogAnalyzer.dir/home/melvin/.pico-sdk/sdk/1.5.1/src/rp2_common/pico_standard_link/crt0.S.obj
                0x100001e8                _entry_point
 .reset         0x10000288       0x30 CMakeFiles/BitDogAnalyzer.dir/home/melvin/.pico-sdk/sdk/1.5.1/src/rp2_common/pico_standard_link/binary_info.c.obj
 *(.init)
 .init          0x100002b8        0x4 /home/melvin/.pico-sdk/toolchain/13_2_Rel1/bin/../lib/gcc/arm-none-eabi/13.2.1/thumb/v6-m/nofp/crti.o
                0x100002b8                _init
 *(EXCLUDE_FILE(*libm.a: *libc.a:*lib_a-mem*.o *libgcc.a:) .text*)
 .text.register_tm_clones
                0x100002bc       0x28 /home/melvin/.pico-sdk/toolchain/13_2_Rel1/bin/../lib/gcc/arm-none-eabi/13.2.1/thumb/v6-m/nofp/crtbegin.o
 .text.frame_dummy
                0x100002e4       0x24 /home/melvin/.pico-sdk/toolchain/13_2_Rel1/bin/../lib/gcc/arm-none-eabi/13.2.1/thumb/v6-m/nofp/crtbegin.o
 .text.sample0_program_init.constprop.0
                0x10000308       0x88 CMakeFiles/BitDogAnalyzer.dir/BitDogAnalyzer.c.obj
 .text.startup.main
                0x10000390      0x6b4 CMakeFiles/BitDogAnalyzer.dir/BitDogAnalyzer.c.obj
                0x10000390                main
 .text.gpio_set_function
                0x10000a44       0x30 CMakeFiles/BitDogAnalyzer.dir/home/melvin/.pico-sdk/sdk/1.5.1/src/rp2_common/hardware_gpio/gpio.c.obj
                0x10000a44                gpio_set_function
 .text.gpio_init
                0x10000a74       0x3c CMakeFiles/BitDogAnalyzer.dir/home/melvin/.pico-sdk/sdk/1.5.1/src/rp2_common/hardware_gpio/gpio.c.obj
                0x10000a74                gpio_init
 .text.running_on_fpga
                0x10000ab0       0x10 CMakeFiles/BitDogAnalyzer.dir/home/melvin/.pico-sdk/sdk/1.5.1/src/rp2_common/pico_platform/platform.c.obj
                0x10000ab0                running_on_fpga
 .text.hw_claim_lock
                0x10000ac0       0x18 CMakeFiles/BitDogAnalyzer.dir/home/melvin/.pico-sdk/sdk/1.5.1/src/rp2_common/hardware_claim/claim.c.obj
                0x10000ac0                hw_claim_lock
 .text.hw_claim_unlock
                0x10000ad8       0x14 CMakeFiles/BitDogAnalyzer.dir/home/melvin/.pico-sdk/sdk/1.5.1/src/rp2_common/hardware_claim/claim.c.obj
                0x10000ad8                hw_claim_unlock
 .text.hw_claim_or_assert
                0x10000aec       0x44 CMakeFiles/BitDogAnalyzer.dir/home/melvin/.pico-sdk/sdk/1.5.1/src/rp2_common/hardware_claim/claim.c.obj
                0x10000aec                hw_claim_or_assert
 .text.hw_claim_unused_from_range
                0x10000b30       0x9c CMakeFiles/BitDogAnalyzer.dir/home/melvin/.pico-sdk/sdk/1.5.1/src/rp2_common/hardware_claim/claim.c.obj
                0x10000b30                hw_claim_unused_from_range
 .text.spin_locks_reset
                0x10000bcc       0x1c CMakeFiles/BitDogAnalyzer.dir/home/melvin/.pico-sdk/sdk/1.5.1/src/rp2_common/hardware_sync/sync.c.obj
                0x10000bcc                spin_locks_reset
 .text.next_striped_spin_lock_num
                0x10000be8       0x18 CMakeFiles/BitDogAnalyzer.dir/home/melvin/.pico-sdk/sdk/1.5.1/src/rp2_common/hardware_sync/sync.c.obj
                0x10000be8                next_striped_spin_lock_num
 .text.spin_lock_claim_unused
                0x10000c00       0x24 CMakeFiles/BitDogAnalyzer.dir/home/melvin/.pico-sdk/sdk/1.5.1/src/rp2_common/hardware_sync/sync.c.obj
                0x10000c00                spin_lock_claim_unused
 .text.irq_set_enabled
                0x10000c24       0x24 CMakeFiles/BitDogAnalyzer.dir/home/melvin/.pico-sdk/sdk/1.5.1/src/rp2_common/hardware_irq/irq.c.obj
                0x10000c24                irq_set_enabled
 .text.irq_set_pending
                0x10000c48       0x10 CMakeFiles/BitDogAnalyzer.dir/home/melvin/.pico-sdk/sdk/1.5.1/src/rp2_common/hardware_irq/irq.c.obj
                0x10000c48                irq_set_pending
 .text.irq_has_shared_handler
                0x10000c58       0x2c CMakeFiles/BitDogAnalyzer.dir/home/melvin/.pico-sdk/sdk/1.5.1/src/rp2_common/hardware_irq/irq.c.obj
                0x10000c58                irq_has_shared_handler
 .text.irq_get_vtable_handler
                0x10000c84       0x10 CMakeFiles/BitDogAnalyzer.dir/home/melvin/.pico-sdk/sdk/1.5.1/src/rp2_common/hardware_irq/irq.c.obj
                0x10000c84                irq_get_vtable_handler
 .text.irq_set_exclusive_handler
                0x10000c94       0x54 CMakeFiles/BitDogAnalyzer.dir/home/melvin/.pico-sdk/sdk/1.5.1/src/rp2_common/hardware_irq/irq.c.obj
                0x10000c94                irq_set_exclusive_handler
 .text.irq_add_shared_handler
                0x10000ce8      0x1f4 CMakeFiles/BitDogAnalyzer.dir/home/melvin/.pico-sdk/sdk/1.5.1/src/rp2_common/hardware_irq/irq.c.obj
                0x10000ce8                irq_add_shared_handler
 .text.irq_remove_handler
                0x10000edc      0x1c4 CMakeFiles/BitDogAnalyzer.dir/home/melvin/.pico-sdk/sdk/1.5.1/src/rp2_common/hardware_irq/irq.c.obj
                0x10000edc                irq_remove_handler
 .text.irq_add_tail_to_free_list
                0x100010a0       0xb4 CMakeFiles/BitDogAnalyzer.dir/home/melvin/.pico-sdk/sdk/1.5.1/src/rp2_common/hardware_irq/irq.c.obj
                0x100010a0                irq_add_tail_to_free_list
 .text.irq_init_priorities
                0x10001154       0x24 CMakeFiles/BitDogAnalyzer.dir/home/melvin/.pico-sdk/sdk/1.5.1/src/rp2_common/hardware_irq/irq.c.obj
                0x10001154                irq_init_priorities
 .text.user_irq_claim_unused
                0x10001178       0x2c CMakeFiles/BitDogAnalyzer.dir/home/melvin/.pico-sdk/sdk/1.5.1/src/rp2_common/hardware_irq/irq.c.obj
                0x10001178                user_irq_claim_unused
 .text.lock_init
                0x100011a4       0x10 CMakeFiles/BitDogAnalyzer.dir/home/melvin/.pico-sdk/sdk/1.5.1/src/common/pico_sync/lock_core.c.obj
                0x100011a4                lock_init
 .text.mutex_init
                0x100011b4       0x1c CMakeFiles/BitDogAnalyzer.dir/home/melvin/.pico-sdk/sdk/1.5.1/src/common/pico_sync/mutex.c.obj
                0x100011b4                mutex_init
 .text.recursive_mutex_init
                0x100011d0       0x1c CMakeFiles/BitDogAnalyzer.dir/home/melvin/.pico-sdk/sdk/1.5.1/src/common/pico_sync/mutex.c.obj
                0x100011d0                recursive_mutex_init
 .text.critical_section_init
                0x100011ec       0x1c CMakeFiles/BitDogAnalyzer.dir/home/melvin/.pico-sdk/sdk/1.5.1/src/common/pico_sync/critical_section.c.obj
                0x100011ec                critical_section_init
 .text.critical_section_init_with_lock_num
                0x10001208       0x14 CMakeFiles/BitDogAnalyzer.dir/home/melvin/.pico-sdk/sdk/1.5.1/src/common/pico_sync/critical_section.c.obj
                0x10001208                critical_section_init_with_lock_num
 .text.timer_pool_entry_comparator
                0x1000121c       0x34 CMakeFiles/BitDogAnalyzer.dir/home/melvin/.pico-sdk/sdk/1.5.1/src/common/pico_time/time.c.obj
                0x1000121c                timer_pool_entry_comparator
 .text.sleep_until_callback
                0x10001250       0x30 CMakeFiles/BitDogAnalyzer.dir/home/melvin/.pico-sdk/sdk/1.5.1/src/common/pico_time/time.c.obj
 .text.add_alarm_under_lock.isra.0
                0x10001280      0x100 CMakeFiles/BitDogAnalyzer.dir/home/melvin/.pico-sdk/sdk/1.5.1/src/common/pico_time/time.c.obj
 .text.alarm_pool_alarm_callback
                0x10001380      0x1c0 CMakeFiles/BitDogAnalyzer.dir/home/melvin/.pico-sdk/sdk/1.5.1/src/common/pico_time/time.c.obj
 .text.alarm_pool_init_default
                0x10001540       0x6c CMakeFiles/BitDogAnalyzer.dir/home/melvin/.pico-sdk/sdk/1.5.1/src/common/pico_time/time.c.obj
                0x10001540                alarm_pool_init_default
 .text.alarm_pool_get_default
                0x100015ac        0x8 CMakeFiles/BitDogAnalyzer.dir/home/melvin/.pico-sdk/sdk/1.5.1/src/common/pico_time/time.c.obj
                0x100015ac                alarm_pool_get_default
 .text.alarm_pool_add_alarm_at
                0x100015b4      0x17c CMakeFiles/BitDogAnalyzer.dir/home/melvin/.pico-sdk/sdk/1.5.1/src/common/pico_time/time.c.obj
                0x100015b4                alarm_pool_add_alarm_at
 .text.alarm_pool_core_num
                0x10001730        0x4 CMakeFiles/BitDogAnalyzer.dir/home/melvin/.pico-sdk/sdk/1.5.1/src/common/pico_time/time.c.obj
                0x10001730                alarm_pool_core_num
 .text.best_effort_wfe_or_timeout
                0x10001734       0xcc CMakeFiles/BitDogAnalyzer.dir/home/melvin/.pico-sdk/sdk/1.5.1/src/common/pico_time/time.c.obj
                0x10001734                best_effort_wfe_or_timeout
 .text.hardware_alarm_irq_handler
                0x10001800       0xbc CMakeFiles/BitDogAnalyzer.dir/home/melvin/.pico-sdk/sdk/1.5.1/src/rp2_common/hardware_timer/timer.c.obj
 .text.hardware_alarm_claim
                0x100018bc       0x18 CMakeFiles/BitDogAnalyzer.dir/home/melvin/.pico-sdk/sdk/1.5.1/src/rp2_common/hardware_timer/timer.c.obj
                0x100018bc                hardware_alarm_claim
 .text.time_us_64
                0x100018d4       0x14 CMakeFiles/BitDogAnalyzer.dir/home/melvin/.pico-sdk/sdk/1.5.1/src/rp2_common/hardware_timer/timer.c.obj
                0x100018d4                time_us_64
 .text.busy_wait_us
                0x100018e8       0x68 CMakeFiles/BitDogAnalyzer.dir/home/melvin/.pico-sdk/sdk/1.5.1/src/rp2_common/hardware_timer/timer.c.obj
                0x100018e8                busy_wait_us
 .text.busy_wait_ms
                0x10001950       0x98 CMakeFiles/BitDogAnalyzer.dir/home/melvin/.pico-sdk/sdk/1.5.1/src/rp2_common/hardware_timer/timer.c.obj
                0x10001950                busy_wait_ms
 .text.hardware_alarm_set_callback
                0x100019e8       0x8c CMakeFiles/BitDogAnalyzer.dir/home/melvin/.pico-sdk/sdk/1.5.1/src/rp2_common/hardware_timer/timer.c.obj
                0x100019e8                hardware_alarm_set_callback
 .text.hardware_alarm_set_target
                0x10001a74       0xd0 CMakeFiles/BitDogAnalyzer.dir/home/melvin/.pico-sdk/sdk/1.5.1/src/rp2_common/hardware_timer/timer.c.obj
                0x10001a74                hardware_alarm_set_target
 .text.hardware_alarm_cancel
                0x10001b44       0x3c CMakeFiles/BitDogAnalyzer.dir/home/melvin/.pico-sdk/sdk/1.5.1/src/rp2_common/hardware_timer/timer.c.obj
                0x10001b44                hardware_alarm_cancel
 .text.ph_merge_nodes
                0x10001b80       0x58 CMakeFiles/BitDogAnalyzer.dir/home/melvin/.pico-sdk/sdk/1.5.1/src/common/pico_util/pheap.c.obj
 .text.ph_post_alloc_init
                0x10001bd8       0x3c CMakeFiles/BitDogAnalyzer.dir/home/melvin/.pico-sdk/sdk/1.5.1/src/common/pico_util/pheap.c.obj
                0x10001bd8                ph_post_alloc_init
 .text.ph_merge_two_pass
                0x10001c14       0x8c CMakeFiles/BitDogAnalyzer.dir/home/melvin/.pico-sdk/sdk/1.5.1/src/common/pico_util/pheap.c.obj
                0x10001c14                ph_merge_two_pass
 .text.ph_remove_any_head
                0x10001ca0      0x100 CMakeFiles/BitDogAnalyzer.dir/home/melvin/.pico-sdk/sdk/1.5.1/src/common/pico_util/pheap.c.obj
 .text.ph_remove_head
                0x10001da0      0x104 CMakeFiles/BitDogAnalyzer.dir/home/melvin/.pico-sdk/sdk/1.5.1/src/common/pico_util/pheap.c.obj
                0x10001da0                ph_remove_head
 .text.ph_remove_and_free_node
                0x10001ea4       0x78 CMakeFiles/BitDogAnalyzer.dir/home/melvin/.pico-sdk/sdk/1.5.1/src/common/pico_util/pheap.c.obj
                0x10001ea4                ph_remove_and_free_node
 .text.clocks_init
                0x10001f1c      0x2c8 CMakeFiles/BitDogAnalyzer.dir/home/melvin/.pico-sdk/sdk/1.5.1/src/rp2_common/hardware_clocks/clocks.c.obj
                0x10001f1c                clocks_init
 .text.pll_init
                0x100021e4       0xa4 CMakeFiles/BitDogAnalyzer.dir/home/melvin/.pico-sdk/sdk/1.5.1/src/rp2_common/hardware_pll/pll.c.obj
                0x100021e4                pll_init
 .text.watchdog_start_tick
                0x10002288       0x10 CMakeFiles/BitDogAnalyzer.dir/home/melvin/.pico-sdk/sdk/1.5.1/src/rp2_common/hardware_watchdog/watchdog.c.obj
                0x10002288                watchdog_start_tick
 .text.watchdog_reboot
                0x10002298       0x9c CMakeFiles/BitDogAnalyzer.dir/home/melvin/.pico-sdk/sdk/1.5.1/src/rp2_common/hardware_watchdog/watchdog.c.obj
                0x10002298                watchdog_reboot
 .text.xosc_init
                0x10002334       0x28 CMakeFiles/BitDogAnalyzer.dir/home/melvin/.pico-sdk/sdk/1.5.1/src/rp2_common/hardware_xosc/xosc.c.obj
                0x10002334                xosc_init
 .text.runtime_init
                0x1000235c       0xf0 CMakeFiles/BitDogAnalyzer.dir/home/melvin/.pico-sdk/sdk/1.5.1/src/rp2_common/pico_runtime/runtime.c.obj
                0x1000235c                runtime_init
 .text._exit    0x1000244c        0x4 CMakeFiles/BitDogAnalyzer.dir/home/melvin/.pico-sdk/sdk/1.5.1/src/rp2_common/pico_runtime/runtime.c.obj
                0x1000244c                _exit
 .text._sbrk    0x10002450       0x34 CMakeFiles/BitDogAnalyzer.dir/home/melvin/.pico-sdk/sdk/1.5.1/src/rp2_common/pico_runtime/runtime.c.obj
                0x10002450                _sbrk
 .text.exit     0x10002484        0x8 CMakeFiles/BitDogAnalyzer.dir/home/melvin/.pico-sdk/sdk/1.5.1/src/rp2_common/pico_runtime/runtime.c.obj
                0x10002484                exit
 .text.panic    0x1000248c       0x30 CMakeFiles/BitDogAnalyzer.dir/home/melvin/.pico-sdk/sdk/1.5.1/src/rp2_common/pico_runtime/runtime.c.obj
                0x1000248c                panic
 .text.hard_assertion_failure
                0x100024bc        0xc CMakeFiles/BitDogAnalyzer.dir/home/melvin/.pico-sdk/sdk/1.5.1/src/rp2_common/pico_runtime/runtime.c.obj
                0x100024bc                hard_assertion_failure
 .text._out_char
                0x100024c8       0x10 CMakeFiles/BitDogAnalyzer.dir/home/melvin/.pico-sdk/sdk/1.5.1/src/rp2_common/pico_printf/printf.c.obj
 .text.weak_raw_vprintf
                0x100024d8       0x30 CMakeFiles/BitDogAnalyzer.dir/home/melvin/.pico-sdk/sdk/1.5.1/src/rp2_common/pico_printf/printf.c.obj
                0x100024d8                weak_raw_vprintf
 .text          0x10002508       0x10 CMakeFiles/BitDogAnalyzer.dir/home/melvin/.pico-sdk/sdk/1.5.1/src/rp2_common/pico_bit_ops/bit_ops_aeabi.S.obj
 .text.rom_func_lookup
                0x10002518       0x10 CMakeFiles/BitDogAnalyzer.dir/home/melvin/.pico-sdk/sdk/1.5.1/src/rp2_common/pico_bootrom/bootrom.c.obj
                0x10002518                rom_func_lookup
 .text.rom_data_lookup
                0x10002528       0x10 CMakeFiles/BitDogAnalyzer.dir/home/melvin/.pico-sdk/sdk/1.5.1/src/rp2_common/pico_bootrom/bootrom.c.obj
                0x10002528                rom_data_lookup
 .text.rom_funcs_lookup
                0x10002538       0x44 CMakeFiles/BitDogAnalyzer.dir/home/melvin/.pico-sdk/sdk/1.5.1/src/rp2_common/pico_bootrom/bootrom.c.obj
                0x10002538                rom_funcs_lookup
 .text.__wrap___aeabi_uidiv
                0x1000257c       0x4c CMakeFiles/BitDogAnalyzer.dir/home/melvin/.pico-sdk/sdk/1.5.1/src/rp2_common/pico_divider/divider.S.obj
                0x1000257c                __wrap___aeabi_uidiv
                0x1000257c                __wrap___aeabi_uidivmod
                0x1000257c                div_u32u32
                0x1000257c                divmod_u32u32
                0x10002584                divmod_u32u32_unsafe
                0x100025ac                divmod_u32u32_savestate
 .text.missing_double_func_shim
                0x100025c8        0xc CMakeFiles/BitDogAnalyzer.dir/home/melvin/.pico-sdk/sdk/1.5.1/src/rp2_common/pico_double/double_init_rom.c.obj
 .text.__aeabi_double_init
                0x100025d4       0x94 CMakeFiles/BitDogAnalyzer.dir/home/melvin/.pico-sdk/sdk/1.5.1/src/rp2_common/pico_double/double_init_rom.c.obj
                0x100025d4                __aeabi_double_init
 .text.double_table_shim_on_use_helper
                0x10002668       0x2c CMakeFiles/BitDogAnalyzer.dir/home/melvin/.pico-sdk/sdk/1.5.1/src/rp2_common/pico_double/double_v1_rom_shim.S.obj
                0x10002668                double_table_shim_on_use_helper
 .text.__aeabi_lmul
                0x10002694       0x32 CMakeFiles/BitDogAnalyzer.dir/home/melvin/.pico-sdk/sdk/1.5.1/src/rp2_common/pico_int64_ops/pico_int64_ops_aeabi.S.obj
                0x10002694                __wrap___aeabi_lmul
 *fill*         0x100026c6        0x2 
 .text.__wrap___aeabi_farithmetic
                0x100026c8       0x48 CMakeFiles/BitDogAnalyzer.dir/home/melvin/.pico-sdk/sdk/1.5.1/src/rp2_common/pico_float/float_aeabi.S.obj
                0x100026c8                __wrap___aeabi_frsub
                0x100026ce                __wrap___aeabi_fsub
                0x100026d4                __wrap___aeabi_fadd
                0x100026da                __wrap___aeabi_fdiv
                0x10002702                __wrap___aeabi_fmul
 .text.__wrap___aeabi_ui2f
                0x10002710        0xa CMakeFiles/BitDogAnalyzer.dir/home/melvin/.pico-sdk/sdk/1.5.1/src/rp2_common/pico_float/float_aeabi.S.obj
                0x10002710                __wrap___aeabi_ui2f
 *fill*         0x1000271a        0x2 
 .text.__wrap___aeabi_i2f
                0x1000271c       0x44 CMakeFiles/BitDogAnalyzer.dir/home/melvin/.pico-sdk/sdk/1.5.1/src/rp2_common/pico_float/float_aeabi.S.obj
                0x1000271c                __wrap___aeabi_i2f
 .text.__wrap___aeabi_f2uiz
                0x10002760        0xc CMakeFiles/BitDogAnalyzer.dir/home/melvin/.pico-sdk/sdk/1.5.1/src/rp2_common/pico_float/float_aeabi.S.obj
                0x10002760                __wrap___aeabi_f2uiz
 .text.missing_float_func_shim
                0x1000276c        0xc CMakeFiles/BitDogAnalyzer.dir/home/melvin/.pico-sdk/sdk/1.5.1/src/rp2_common/pico_float/float_init_rom.c.obj
 .text.__aeabi_float_init
                0x10002778       0x5c CMakeFiles/BitDogAnalyzer.dir/home/melvin/.pico-sdk/sdk/1.5.1/src/rp2_common/pico_float/float_init_rom.c.obj
                0x10002778                __aeabi_float_init
 .text.__wrap_malloc
                0x100027d4       0x24 CMakeFiles/BitDogAnalyzer.dir/home/melvin/.pico-sdk/sdk/1.5.1/src/rp2_common/pico_malloc/pico_malloc.c.obj
                0x100027d4                __wrap_malloc
 .text          0x100027f8       0x10 CMakeFiles/BitDogAnalyzer.dir/home/melvin/.pico-sdk/sdk/1.5.1/src/rp2_common/pico_mem_ops/mem_ops_aeabi.S.obj
                0x100027f8                __aeabi_mem_init
 .text.memset   0x10002808        0xc CMakeFiles/BitDogAnalyzer.dir/home/melvin/.pico-sdk/sdk/1.5.1/src/rp2_common/pico_mem_ops/mem_ops_aeabi.S.obj
                0x10002808                __wrap_memset
 .text.memcpy   0x10002814        0xc CMakeFiles/BitDogAnalyzer.dir/home/melvin/.pico-sdk/sdk/1.5.1/src/rp2_common/pico_mem_ops/mem_ops_aeabi.S.obj
                0x10002814                __wrap___aeabi_memcpy
                0x10002814                __wrap_memcpy
 .text.stdio_out_chars_crlf
                0x10002820       0x94 CMakeFiles/BitDogAnalyzer.dir/home/melvin/.pico-sdk/sdk/1.5.1/src/rp2_common/pico_stdio/stdio.c.obj
 .text.__wrap_putchar
                0x100028b4       0x98 CMakeFiles/BitDogAnalyzer.dir/home/melvin/.pico-sdk/sdk/1.5.1/src/rp2_common/pico_stdio/stdio.c.obj
                0x100028b4                __wrap_putchar
 .text.__wrap_puts
                0x1000294c       0xe0 CMakeFiles/BitDogAnalyzer.dir/home/melvin/.pico-sdk/sdk/1.5.1/src/rp2_common/pico_stdio/stdio.c.obj
                0x1000294c                __wrap_puts
 .text.stdio_set_driver_enabled
                0x10002a2c       0x30 CMakeFiles/BitDogAnalyzer.dir/home/melvin/.pico-sdk/sdk/1.5.1/src/rp2_common/pico_stdio/stdio.c.obj
                0x10002a2c                stdio_set_driver_enabled
 .text.stdio_init_all
                0x10002a5c        0x8 CMakeFiles/BitDogAnalyzer.dir/home/melvin/.pico-sdk/sdk/1.5.1/src/rp2_common/pico_stdio/stdio.c.obj
                0x10002a5c                stdio_init_all
 .text.__wrap_getchar
                0x10002a64       0x7c CMakeFiles/BitDogAnalyzer.dir/home/melvin/.pico-sdk/sdk/1.5.1/src/rp2_common/pico_stdio/stdio.c.obj
                0x10002a64                __wrap_getchar
 .text.getchar_timeout_us
                0x10002ae0       0x98 CMakeFiles/BitDogAnalyzer.dir/home/melvin/.pico-sdk/sdk/1.5.1/src/rp2_common/pico_stdio/stdio.c.obj
                0x10002ae0                getchar_timeout_us
 .text.resetd_init
                0x10002b78        0x4 CMakeFiles/BitDogAnalyzer.dir/home/melvin/.pico-sdk/sdk/1.5.1/src/rp2_common/pico_stdio_usb/reset_interface.c.obj
 .text.resetd_reset
                0x10002b7c        0xc CMakeFiles/BitDogAnalyzer.dir/home/melvin/.pico-sdk/sdk/1.5.1/src/rp2_common/pico_stdio_usb/reset_interface.c.obj
 .text.resetd_open
                0x10002b88       0x28 CMakeFiles/BitDogAnalyzer.dir/home/melvin/.pico-sdk/sdk/1.5.1/src/rp2_common/pico_stdio_usb/reset_interface.c.obj
 .text.resetd_xfer_cb
                0x10002bb0        0x4 CMakeFiles/BitDogAnalyzer.dir/home/melvin/.pico-sdk/sdk/1.5.1/src/rp2_common/pico_stdio_usb/reset_interface.c.obj
 .text.resetd_control_xfer_cb
                0x10002bb4       0x60 CMakeFiles/BitDogAnalyzer.dir/home/melvin/.pico-sdk/sdk/1.5.1/src/rp2_common/pico_stdio_usb/reset_interface.c.obj
 .text.usbd_app_driver_get_cb
                0x10002c14        0xc CMakeFiles/BitDogAnalyzer.dir/home/melvin/.pico-sdk/sdk/1.5.1/src/rp2_common/pico_stdio_usb/reset_interface.c.obj
                0x10002c14                usbd_app_driver_get_cb
 .text.tud_cdc_line_coding_cb
                0x10002c20       0x34 CMakeFiles/BitDogAnalyzer.dir/home/melvin/.pico-sdk/sdk/1.5.1/src/rp2_common/pico_stdio_usb/reset_interface.c.obj
                0x10002c20                tud_cdc_line_coding_cb
 .text.stdio_usb_set_chars_available_callback
                0x10002c54       0x14 CMakeFiles/BitDogAnalyzer.dir/home/melvin/.pico-sdk/sdk/1.5.1/src/rp2_common/pico_stdio_usb/stdio_usb.c.obj
                0x10002c54                stdio_usb_set_chars_available_callback
 .text.usb_irq  0x10002c68       0x10 CMakeFiles/BitDogAnalyzer.dir/home/melvin/.pico-sdk/sdk/1.5.1/src/rp2_common/pico_stdio_usb/stdio_usb.c.obj
 .text.timer_task
                0x10002c78       0x54 CMakeFiles/BitDogAnalyzer.dir/home/melvin/.pico-sdk/sdk/1.5.1/src/rp2_common/pico_stdio_usb/stdio_usb.c.obj
 .text.stdio_usb_in_chars
                0x10002ccc       0x90 CMakeFiles/BitDogAnalyzer.dir/home/melvin/.pico-sdk/sdk/1.5.1/src/rp2_common/pico_stdio_usb/stdio_usb.c.obj
                0x10002ccc                stdio_usb_in_chars
 .text.stdio_usb_out_chars
                0x10002d5c      0x104 CMakeFiles/BitDogAnalyzer.dir/home/melvin/.pico-sdk/sdk/1.5.1/src/rp2_common/pico_stdio_usb/stdio_usb.c.obj
 .text.low_priority_worker_irq
                0x10002e60       0xa8 CMakeFiles/BitDogAnalyzer.dir/home/melvin/.pico-sdk/sdk/1.5.1/src/rp2_common/pico_stdio_usb/stdio_usb.c.obj
 .text.tud_cdc_rx_cb
                0x10002f08       0x20 CMakeFiles/BitDogAnalyzer.dir/home/melvin/.pico-sdk/sdk/1.5.1/src/rp2_common/pico_stdio_usb/stdio_usb.c.obj
                0x10002f08                tud_cdc_rx_cb
 .text.stdio_usb_init
                0x10002f28       0xe0 CMakeFiles/BitDogAnalyzer.dir/home/melvin/.pico-sdk/sdk/1.5.1/src/rp2_common/pico_stdio_usb/stdio_usb.c.obj
                0x10002f28                stdio_usb_init
 .text.tud_descriptor_device_cb
                0x10003008        0x8 CMakeFiles/BitDogAnalyzer.dir/home/melvin/.pico-sdk/sdk/1.5.1/src/rp2_common/pico_stdio_usb/stdio_usb_descriptors.c.obj
                0x10003008                tud_descriptor_device_cb
 .text.tud_descriptor_configuration_cb
                0x10003010        0x8 CMakeFiles/BitDogAnalyzer.dir/home/melvin/.pico-sdk/sdk/1.5.1/src/rp2_common/pico_stdio_usb/stdio_usb_descriptors.c.obj
                0x10003010                tud_descriptor_configuration_cb
 .text.tud_descriptor_string_cb
                0x10003018       0x78 CMakeFiles/BitDogAnalyzer.dir/home/melvin/.pico-sdk/sdk/1.5.1/src/rp2_common/pico_stdio_usb/stdio_usb_descriptors.c.obj
                0x10003018                tud_descriptor_string_cb
 .text.startup._retrieve_unique_id_on_boot
                0x10003090       0x10 CMakeFiles/BitDogAnalyzer.dir/home/melvin/.pico-sdk/sdk/1.5.1/src/rp2_common/pico_unique_id/unique_id.c.obj
 .text.pico_get_unique_board_id_string
                0x100030a0      0x1a8 CMakeFiles/BitDogAnalyzer.dir/home/melvin/.pico-sdk/sdk/1.5.1/src/rp2_common/pico_unique_id/unique_id.c.obj
                0x100030a0                pico_get_unique_board_id_string
 .text.flash_get_unique_id
                0x10003248       0x3c CMakeFiles/BitDogAnalyzer.dir/home/melvin/.pico-sdk/sdk/1.5.1/src/rp2_common/hardware_flash/flash.c.obj
                0x10003248                flash_get_unique_id
 .text.dcd_int_enable
                0x10003284        0xc CMakeFiles/BitDogAnalyzer.dir/home/melvin/.pico-sdk/sdk/1.5.1/lib/tinyusb/src/portable/raspberrypi/rp2040/dcd_rp2040.c.obj
                0x10003284                dcd_int_enable
 .text.dcd_set_address
                0x10003290       0x14 CMakeFiles/BitDogAnalyzer.dir/home/melvin/.pico-sdk/sdk/1.5.1/lib/tinyusb/src/portable/raspberrypi/rp2040/dcd_rp2040.c.obj
                0x10003290                dcd_set_address
 .text.dcd_connect
                0x100032a4       0x10 CMakeFiles/BitDogAnalyzer.dir/home/melvin/.pico-sdk/sdk/1.5.1/lib/tinyusb/src/portable/raspberrypi/rp2040/dcd_rp2040.c.obj
                0x100032a4                dcd_connect
 .text.dcd_init
                0x100032b4       0x98 CMakeFiles/BitDogAnalyzer.dir/home/melvin/.pico-sdk/sdk/1.5.1/lib/tinyusb/src/portable/raspberrypi/rp2040/dcd_rp2040.c.obj
                0x100032b4                dcd_init
 .text.dcd_edpt0_status_complete
                0x1000334c       0x1c CMakeFiles/BitDogAnalyzer.dir/home/melvin/.pico-sdk/sdk/1.5.1/lib/tinyusb/src/portable/raspberrypi/rp2040/dcd_rp2040.c.obj
                0x1000334c                dcd_edpt0_status_complete
 .text.dcd_edpt_open
                0x10003368      0x108 CMakeFiles/BitDogAnalyzer.dir/home/melvin/.pico-sdk/sdk/1.5.1/lib/tinyusb/src/portable/raspberrypi/rp2040/dcd_rp2040.c.obj
                0x10003368                dcd_edpt_open
 .text.dcd_edpt_close_all
                0x10003470        0x8 CMakeFiles/BitDogAnalyzer.dir/home/melvin/.pico-sdk/sdk/1.5.1/lib/tinyusb/src/portable/raspberrypi/rp2040/dcd_rp2040.c.obj
                0x10003470                dcd_edpt_close_all
 .text.dcd_edpt_xfer
                0x10003478       0x24 CMakeFiles/BitDogAnalyzer.dir/home/melvin/.pico-sdk/sdk/1.5.1/lib/tinyusb/src/portable/raspberrypi/rp2040/dcd_rp2040.c.obj
                0x10003478                dcd_edpt_xfer
 .text.dcd_edpt_stall
                0x1000349c       0x34 CMakeFiles/BitDogAnalyzer.dir/home/melvin/.pico-sdk/sdk/1.5.1/lib/tinyusb/src/portable/raspberrypi/rp2040/dcd_rp2040.c.obj
                0x1000349c                dcd_edpt_stall
 .text.dcd_edpt_clear_stall
                0x100034d0       0x30 CMakeFiles/BitDogAnalyzer.dir/home/melvin/.pico-sdk/sdk/1.5.1/lib/tinyusb/src/portable/raspberrypi/rp2040/dcd_rp2040.c.obj
                0x100034d0                dcd_edpt_clear_stall
 .text.rp2040_usb_init
                0x10003500       0x4c CMakeFiles/BitDogAnalyzer.dir/home/melvin/.pico-sdk/sdk/1.5.1/lib/tinyusb/src/portable/raspberrypi/rp2040/rp2040_usb.c.obj
                0x10003500                rp2040_usb_init
 .text.hw_endpoint_xfer_start
                0x1000354c       0x40 CMakeFiles/BitDogAnalyzer.dir/home/melvin/.pico-sdk/sdk/1.5.1/lib/tinyusb/src/portable/raspberrypi/rp2040/rp2040_usb.c.obj
                0x1000354c                hw_endpoint_xfer_start
 .text.tud_mounted
                0x1000358c       0x10 CMakeFiles/BitDogAnalyzer.dir/home/melvin/.pico-sdk/sdk/1.5.1/lib/tinyusb/src/device/usbd.c.obj
                0x1000358c                tud_mounted
 .text.tud_suspended
                0x1000359c       0x10 CMakeFiles/BitDogAnalyzer.dir/home/melvin/.pico-sdk/sdk/1.5.1/lib/tinyusb/src/device/usbd.c.obj
                0x1000359c                tud_suspended
 .text.tud_inited
                0x100035ac       0x14 CMakeFiles/BitDogAnalyzer.dir/home/melvin/.pico-sdk/sdk/1.5.1/lib/tinyusb/src/device/usbd.c.obj
                0x100035ac                tud_inited
 .text.tud_init
                0x100035c0       0xdc CMakeFiles/BitDogAnalyzer.dir/home/melvin/.pico-sdk/sdk/1.5.1/lib/tinyusb/src/device/usbd.c.obj
                0x100035c0                tud_init
 .text.tud_task_ext
                0x1000369c      0x850 CMakeFiles/BitDogAnalyzer.dir/home/melvin/.pico-sdk/sdk/1.5.1/lib/tinyusb/src/device/usbd.c.obj
                0x1000369c                tud_task_ext
 .text.usbd_open_edpt_pair
                0x10003eec       0x9c CMakeFiles/BitDogAnalyzer.dir/home/melvin/.pico-sdk/sdk/1.5.1/lib/tinyusb/src/device/usbd.c.obj
                0x10003eec                usbd_open_edpt_pair
 .text.usbd_defer_func
                0x10003f88       0x48 CMakeFiles/BitDogAnalyzer.dir/home/melvin/.pico-sdk/sdk/1.5.1/lib/tinyusb/src/device/usbd.c.obj
                0x10003f88                usbd_defer_func
 .text.usbd_edpt_open
                0x10003fd0       0x34 CMakeFiles/BitDogAnalyzer.dir/home/melvin/.pico-sdk/sdk/1.5.1/lib/tinyusb/src/device/usbd.c.obj
                0x10003fd0                usbd_edpt_open
 .text.usbd_edpt_claim
                0x10004004       0x28 CMakeFiles/BitDogAnalyzer.dir/home/melvin/.pico-sdk/sdk/1.5.1/lib/tinyusb/src/device/usbd.c.obj
                0x10004004                usbd_edpt_claim
 .text.usbd_edpt_release
                0x1000402c       0x28 CMakeFiles/BitDogAnalyzer.dir/home/melvin/.pico-sdk/sdk/1.5.1/lib/tinyusb/src/device/usbd.c.obj
                0x1000402c                usbd_edpt_release
 .text.usbd_edpt_xfer
                0x10004054       0x4c CMakeFiles/BitDogAnalyzer.dir/home/melvin/.pico-sdk/sdk/1.5.1/lib/tinyusb/src/device/usbd.c.obj
                0x10004054                usbd_edpt_xfer
 .text.tud_control_status
                0x100040a0       0x2c CMakeFiles/BitDogAnalyzer.dir/home/melvin/.pico-sdk/sdk/1.5.1/lib/tinyusb/src/device/usbd_control.c.obj
                0x100040a0                tud_control_status
 .text.tud_control_xfer
                0x100040cc       0xac CMakeFiles/BitDogAnalyzer.dir/home/melvin/.pico-sdk/sdk/1.5.1/lib/tinyusb/src/device/usbd_control.c.obj
                0x100040cc                tud_control_xfer
 .text.usbd_control_reset
                0x10004178       0x14 CMakeFiles/BitDogAnalyzer.dir/home/melvin/.pico-sdk/sdk/1.5.1/lib/tinyusb/src/device/usbd_control.c.obj
                0x10004178                usbd_control_reset
 .text.usbd_control_set_complete_callback
                0x1000418c        0xc CMakeFiles/BitDogAnalyzer.dir/home/melvin/.pico-sdk/sdk/1.5.1/lib/tinyusb/src/device/usbd_control.c.obj
                0x1000418c                usbd_control_set_complete_callback
 .text.usbd_control_set_request
                0x10004198       0x1c CMakeFiles/BitDogAnalyzer.dir/home/melvin/.pico-sdk/sdk/1.5.1/lib/tinyusb/src/device/usbd_control.c.obj
                0x10004198                usbd_control_set_request
 .text.usbd_control_xfer_cb
                0x100041b4       0xf4 CMakeFiles/BitDogAnalyzer.dir/home/melvin/.pico-sdk/sdk/1.5.1/lib/tinyusb/src/device/usbd_control.c.obj
                0x100041b4                usbd_control_xfer_cb
 .text.tud_cdc_n_connected
                0x100042a8       0x30 CMakeFiles/BitDogAnalyzer.dir/home/melvin/.pico-sdk/sdk/1.5.1/lib/tinyusb/src/class/cdc/cdc_device.c.obj
                0x100042a8                tud_cdc_n_connected
 .text.tud_cdc_n_available
                0x100042d8       0x18 CMakeFiles/BitDogAnalyzer.dir/home/melvin/.pico-sdk/sdk/1.5.1/lib/tinyusb/src/class/cdc/cdc_device.c.obj
                0x100042d8                tud_cdc_n_available
 .text.tud_cdc_n_read
                0x100042f0       0x70 CMakeFiles/BitDogAnalyzer.dir/home/melvin/.pico-sdk/sdk/1.5.1/lib/tinyusb/src/class/cdc/cdc_device.c.obj
                0x100042f0                tud_cdc_n_read
 .text.tud_cdc_n_write_flush
                0x10004360       0x78 CMakeFiles/BitDogAnalyzer.dir/home/melvin/.pico-sdk/sdk/1.5.1/lib/tinyusb/src/class/cdc/cdc_device.c.obj
                0x10004360                tud_cdc_n_write_flush
 .text.tud_cdc_n_write
                0x100043d8       0x34 CMakeFiles/BitDogAnalyzer.dir/home/melvin/.pico-sdk/sdk/1.5.1/lib/tinyusb/src/class/cdc/cdc_device.c.obj
                0x100043d8                tud_cdc_n_write
 .text.tud_cdc_n_write_available
                0x1000440c       0x18 CMakeFiles/BitDogAnalyzer.dir/home/melvin/.pico-sdk/sdk/1.5.1/lib/tinyusb/src/class/cdc/cdc_device.c.obj
                0x1000440c                tud_cdc_n_write_available
 .text.cdcd_init
                0x10004424       0x7c CMakeFiles/BitDogAnalyzer.dir/home/melvin/.pico-sdk/sdk/1.5.1/lib/tinyusb/src/class/cdc/cdc_device.c.obj
                0x10004424                cdcd_init
 .text.cdcd_reset
                0x100044a0       0x2c CMakeFiles/BitDogAnalyzer.dir/home/melvin/.pico-sdk/sdk/1.5.1/lib/tinyusb/src/class/cdc/cdc_device.c.obj
                0x100044a0                cdcd_reset
 .text.cdcd_open
                0x100044cc       0xe4 CMakeFiles/BitDogAnalyzer.dir/home/melvin/.pico-sdk/sdk/1.5.1/lib/tinyusb/src/class/cdc/cdc_device.c.obj
                0x100044cc                cdcd_open
 .text.cdcd_control_xfer_cb
                0x100045b0       0xe4 CMakeFiles/BitDogAnalyzer.dir/home/melvin/.pico-sdk/sdk/1.5.1/lib/tinyusb/src/class/cdc/cdc_device.c.obj
                0x100045b0                cdcd_control_xfer_cb
 .text.cdcd_xfer_cb
                0x10004694      0x13c CMakeFiles/BitDogAnalyzer.dir/home/melvin/.pico-sdk/sdk/1.5.1/lib/tinyusb/src/class/cdc/cdc_device.c.obj
                0x10004694                cdcd_xfer_cb
 .text.tusb_init
                0x100047d0        0xc CMakeFiles/BitDogAnalyzer.dir/home/melvin/.pico-sdk/sdk/1.5.1/lib/tinyusb/src/tusb.c.obj
                0x100047d0                tusb_init
 .text.tusb_inited
                0x100047dc        0x8 CMakeFiles/BitDogAnalyzer.dir/home/melvin/.pico-sdk/sdk/1.5.1/lib/tinyusb/src/tusb.c.obj
                0x100047dc                tusb_inited
 .text.tu_edpt_claim
                0x100047e4       0x50 CMakeFiles/BitDogAnalyzer.dir/home/melvin/.pico-sdk/sdk/1.5.1/lib/tinyusb/src/tusb.c.obj
                0x100047e4                tu_edpt_claim
 .text.tu_edpt_release
                0x10004834       0x38 CMakeFiles/BitDogAnalyzer.dir/home/melvin/.pico-sdk/sdk/1.5.1/lib/tinyusb/src/tusb.c.obj
                0x10004834                tu_edpt_release
 .text.tu_edpt_validate
                0x1000486c       0x7c CMakeFiles/BitDogAnalyzer.dir/home/melvin/.pico-sdk/sdk/1.5.1/lib/tinyusb/src/tusb.c.obj
                0x1000486c                tu_edpt_validate
 .text.tu_edpt_bind_driver
                0x100048e8       0x34 CMakeFiles/BitDogAnalyzer.dir/home/melvin/.pico-sdk/sdk/1.5.1/lib/tinyusb/src/tusb.c.obj
                0x100048e8                tu_edpt_bind_driver
 .text.tu_fifo_config
                0x1000491c       0x6c CMakeFiles/BitDogAnalyzer.dir/home/melvin/.pico-sdk/sdk/1.5.1/lib/tinyusb/src/common/tusb_fifo.c.obj
                0x1000491c                tu_fifo_config
 .text.tu_fifo_count
                0x10004988       0x2c CMakeFiles/BitDogAnalyzer.dir/home/melvin/.pico-sdk/sdk/1.5.1/lib/tinyusb/src/common/tusb_fifo.c.obj
                0x10004988                tu_fifo_count
 .text.tu_fifo_empty
                0x100049b4       0x10 CMakeFiles/BitDogAnalyzer.dir/home/melvin/.pico-sdk/sdk/1.5.1/lib/tinyusb/src/common/tusb_fifo.c.obj
                0x100049b4                tu_fifo_empty
 .text.tu_fifo_remaining
                0x100049c4       0x2c CMakeFiles/BitDogAnalyzer.dir/home/melvin/.pico-sdk/sdk/1.5.1/lib/tinyusb/src/common/tusb_fifo.c.obj
                0x100049c4                tu_fifo_remaining
 .text.tu_fifo_read
                0x100049f0       0x9c CMakeFiles/BitDogAnalyzer.dir/home/melvin/.pico-sdk/sdk/1.5.1/lib/tinyusb/src/common/tusb_fifo.c.obj
                0x100049f0                tu_fifo_read
 .text.tu_fifo_read_n
                0x10004a8c       0xe8 CMakeFiles/BitDogAnalyzer.dir/home/melvin/.pico-sdk/sdk/1.5.1/lib/tinyusb/src/common/tusb_fifo.c.obj
                0x10004a8c                tu_fifo_read_n
 .text.tu_fifo_write
                0x10004b74       0xa8 CMakeFiles/BitDogAnalyzer.dir/home/melvin/.pico-sdk/sdk/1.5.1/lib/tinyusb/src/common/tusb_fifo.c.obj
                0x10004b74                tu_fifo_write
 .text.tu_fifo_write_n
                0x10004c1c      0x178 CMakeFiles/BitDogAnalyzer.dir/home/melvin/.pico-sdk/sdk/1.5.1/lib/tinyusb/src/common/tusb_fifo.c.obj
                0x10004c1c                tu_fifo_write_n
 .text.tu_fifo_clear
                0x10004d94       0x40 CMakeFiles/BitDogAnalyzer.dir/home/melvin/.pico-sdk/sdk/1.5.1/lib/tinyusb/src/common/tusb_fifo.c.obj
                0x10004d94                tu_fifo_clear
 .text.tu_fifo_set_overwritable
                0x10004dd4       0x48 CMakeFiles/BitDogAnalyzer.dir/home/melvin/.pico-sdk/sdk/1.5.1/lib/tinyusb/src/common/tusb_fifo.c.obj
                0x10004dd4                tu_fifo_set_overwritable
 .text.pio_add_program
                0x10004e1c       0xf0 CMakeFiles/BitDogAnalyzer.dir/home/melvin/.pico-sdk/sdk/1.5.1/src/rp2_common/hardware_pio/pio.c.obj
                0x10004e1c                pio_add_program
 .text.pio_sm_init
                0x10004f0c       0x98 CMakeFiles/BitDogAnalyzer.dir/home/melvin/.pico-sdk/sdk/1.5.1/src/rp2_common/hardware_pio/pio.c.obj
                0x10004f0c                pio_sm_init
 .text.malloc   0x10004fa4       0x14 /home/melvin/.pico-sdk/toolchain/13_2_Rel1/bin/../lib/gcc/arm-none-eabi/13.2.1/../../../../arm-none-eabi/lib/thumb/v6-m/nofp/libc.a(libc_a-malloc.o)
                0x10004fa4                malloc
 .text._malloc_r
                0x10004fb8      0x5c4 /home/melvin/.pico-sdk/toolchain/13_2_Rel1/bin/../lib/gcc/arm-none-eabi/13.2.1/../../../../arm-none-eabi/lib/thumb/v6-m/nofp/libc.a(libc_a-mallocr.o)
                0x10004fb8                _malloc_r
 .text.sysconf  0x1000557c       0x1c /home/melvin/.pico-sdk/toolchain/13_2_Rel1/bin/../lib/gcc/arm-none-eabi/13.2.1/../../../../arm-none-eabi/lib/thumb/v6-m/nofp/libc.a(libc_a-sysconf.o)
                0x1000557c                sysconf
 .text.__malloc_lock
                0x10005598       0x10 /home/melvin/.pico-sdk/toolchain/13_2_Rel1/bin/../lib/gcc/arm-none-eabi/13.2.1/../../../../arm-none-eabi/lib/thumb/v6-m/nofp/libc.a(libc_a-mlock.o)
                0x10005598                __malloc_lock
 .text.__malloc_unlock
                0x100055a8       0x10 /home/melvin/.pico-sdk/toolchain/13_2_Rel1/bin/../lib/gcc/arm-none-eabi/13.2.1/../../../../arm-none-eabi/lib/thumb/v6-m/nofp/libc.a(libc_a-mlock.o)
                0x100055a8                __malloc_unlock
 .text.strlen   0x100055b8       0x5c /home/melvin/.pico-sdk/toolchain/13_2_Rel1/bin/../lib/gcc/arm-none-eabi/13.2.1/../../../../arm-none-eabi/lib/thumb/v6-m/nofp/libc.a(libc_a-strlen-stub.o)
                0x100055b8                strlen
 .text._malloc_trim_r
                0x10005614       0xb4 /home/melvin/.pico-sdk/toolchain/13_2_Rel1/bin/../lib/gcc/arm-none-eabi/13.2.1/../../../../arm-none-eabi/lib/thumb/v6-m/nofp/libc.a(libc_a-freer.o)
                0x10005614                _malloc_trim_r
 .text._free_r  0x100056c8      0x1d4 /home/melvin/.pico-sdk/toolchain/13_2_Rel1/bin/../lib/gcc/arm-none-eabi/13.2.1/../../../../arm-none-eabi/lib/thumb/v6-m/nofp/libc.a(libc_a-freer.o)
                0x100056c8                _free_r
 .text._sbrk_r  0x1000589c       0x24 /home/melvin/.pico-sdk/toolchain/13_2_Rel1/bin/../lib/gcc/arm-none-eabi/13.2.1/../../../../arm-none-eabi/lib/thumb/v6-m/nofp/libc.a(libc_a-sbrkr.o)
                0x1000589c                _sbrk_r
 .text.__errno  0x100058c0        0xc /home/melvin/.pico-sdk/toolchain/13_2_Rel1/bin/../lib/gcc/arm-none-eabi/13.2.1/../../../../arm-none-eabi/lib/thumb/v6-m/nofp/libc.a(libc_a-errno.o)
                0x100058c0                __errno
 .text.__retarget_lock_acquire_recursive
                0x100058cc        0x4 /home/melvin/.pico-sdk/toolchain/13_2_Rel1/bin/../lib/gcc/arm-none-eabi/13.2.1/../../../../arm-none-eabi/lib/thumb/v6-m/nofp/libc.a(libc_a-lock.o)
                0x100058cc                __retarget_lock_acquire_recursive
 .text.__retarget_lock_release_recursive
                0x100058d0        0x4 /home/melvin/.pico-sdk/toolchain/13_2_Rel1/bin/../lib/gcc/arm-none-eabi/13.2.1/../../../../arm-none-eabi/lib/thumb/v6-m/nofp/libc.a(libc_a-lock.o)
                0x100058d0                __retarget_lock_release_recursive
 *(.fini)
 .fini          0x100058d4        0x4 /home/melvin/.pico-sdk/toolchain/13_2_Rel1/bin/../lib/gcc/arm-none-eabi/13.2.1/thumb/v6-m/nofp/crti.o
                0x100058d4                _fini
 .fini.__stub   0x100058d8       0xb0 linker stubs
 *crtbegin.o(.ctors)
 *crtbegin?.o(.ctors)
 *(EXCLUDE_FILE(*crtend.o *crtend?.o) .ctors)
 *(SORT_BY_NAME(.ctors.*))
 *(.ctors)
 *crtbegin.o(.dtors)
 *crtbegin?.o(.dtors)
 *(EXCLUDE_FILE(*crtend.o *crtend?.o) .dtors)
 *(SORT_BY_NAME(.dtors.*))
 *(.dtors)
 *(.eh_frame*)
 .eh_frame      0x10005988        0x0 /home/melvin/.pico-sdk/toolchain/13_2_Rel1/bin/../lib/gcc/arm-none-eabi/13.2.1/thumb/v6-m/nofp/crtbegin.o
                0x10005988                        . = ALIGN (0x4)

.glue_7         0x10005988        0x0
 .glue_7        0x10005988        0x0 linker stubs

.glue_7t        0x10005988        0x0
 .glue_7t       0x10005988        0x0 linker stubs

.vfp11_veneer   0x10005988        0x0
 .vfp11_veneer  0x10005988        0x0 linker stubs

.v4_bx          0x10005988        0x0
 .v4_bx         0x10005988        0x0 linker stubs

.iplt           0x10005988        0x0
 .iplt          0x10005988        0x0 /home/melvin/.pico-sdk/toolchain/13_2_Rel1/bin/../lib/gcc/arm-none-eabi/13.2.1/thumb/v6-m/nofp/crtbegin.o

.rodata         0x10005988      0x35c
 *(EXCLUDE_FILE(*libm.a: *libc.a:*lib_a-mem*.o *libgcc.a:) .rodata*)
 .rodata.sample3_program
                0x10005988        0x6 CMakeFiles/BitDogAnalyzer.dir/BitDogAnalyzer.c.obj
 *fill*         0x1000598e        0x2 
 .rodata.sample3_program_instructions
                0x10005990        0x2 CMakeFiles/BitDogAnalyzer.dir/BitDogAnalyzer.c.obj
 *fill*         0x10005992        0x2 
 .rodata.sample2_program
                0x10005994        0x6 CMakeFiles/BitDogAnalyzer.dir/BitDogAnalyzer.c.obj
 *fill*         0x1000599a        0x2 
 .rodata.sample2_program_instructions
                0x1000599c        0x2 CMakeFiles/BitDogAnalyzer.dir/BitDogAnalyzer.c.obj
 *fill*         0x1000599e        0x2 
 .rodata.sample1_program
                0x100059a0        0x6 CMakeFiles/BitDogAnalyzer.dir/BitDogAnalyzer.c.obj
 *fill*         0x100059a6        0x2 
 .rodata.sample1_program_instructions
                0x100059a8        0x2 CMakeFiles/BitDogAnalyzer.dir/BitDogAnalyzer.c.obj
 *fill*         0x100059aa        0x2 
 .rodata.sample0_program
                0x100059ac        0x6 CMakeFiles/BitDogAnalyzer.dir/BitDogAnalyzer.c.obj
 *fill*         0x100059b2        0x2 
 .rodata.sample0_program_instructions
                0x100059b4        0x2 CMakeFiles/BitDogAnalyzer.dir/BitDogAnalyzer.c.obj
 *fill*         0x100059b6        0x2 
 .rodata.spin_lock_claim_unused.str1.4
                0x100059b8      0x1a5 CMakeFiles/BitDogAnalyzer.dir/home/melvin/.pico-sdk/sdk/1.5.1/src/rp2_common/hardware_sync/sync.c.obj
                                 0x1b (size before relaxing)
 .rodata.user_irq_claim_unused.str1.4
                0x10005b5d       0x1b CMakeFiles/BitDogAnalyzer.dir/home/melvin/.pico-sdk/sdk/1.5.1/src/rp2_common/hardware_irq/irq.c.obj
 *fill*         0x10005b5d        0x3 
 .rodata.at_the_end_of_time
                0x10005b60        0x8 CMakeFiles/BitDogAnalyzer.dir/home/melvin/.pico-sdk/sdk/1.5.1/src/common/pico_time/time.c.obj
                0x10005b60                at_the_end_of_time
 .rodata.hardware_alarm_claim.str1.4
                0x10005b68       0x22 CMakeFiles/BitDogAnalyzer.dir/home/melvin/.pico-sdk/sdk/1.5.1/src/rp2_common/hardware_timer/timer.c.obj
 .rodata.panic.str1.4
                0x10005b68       0x12 CMakeFiles/BitDogAnalyzer.dir/home/melvin/.pico-sdk/sdk/1.5.1/src/rp2_common/pico_runtime/runtime.c.obj
 .rodata.hard_assertion_failure.str1.4
                0x10005b68        0xc CMakeFiles/BitDogAnalyzer.dir/home/melvin/.pico-sdk/sdk/1.5.1/src/rp2_common/pico_runtime/runtime.c.obj
 .rodata.missing_double_func_shim.str1.4
                0x10005b68       0x18 CMakeFiles/BitDogAnalyzer.dir/home/melvin/.pico-sdk/sdk/1.5.1/src/rp2_common/pico_double/double_init_rom.c.obj
 .rodata.missing_float_func_shim.str1.4
                0x10005b68        0x1 CMakeFiles/BitDogAnalyzer.dir/home/melvin/.pico-sdk/sdk/1.5.1/src/rp2_common/pico_float/float_init_rom.c.obj
 .rodata.__wrap_malloc.str1.4
                0x10005b68        0xe CMakeFiles/BitDogAnalyzer.dir/home/melvin/.pico-sdk/sdk/1.5.1/src/rp2_common/pico_malloc/pico_malloc.c.obj
 .rodata.str1.4
                0x10005b68       0x48 CMakeFiles/BitDogAnalyzer.dir/home/melvin/.pico-sdk/sdk/1.5.1/src/rp2_common/pico_standard_link/binary_info.c.obj
 .rodata.__bi_81
                0x10005b68        0xc CMakeFiles/BitDogAnalyzer.dir/home/melvin/.pico-sdk/sdk/1.5.1/src/rp2_common/pico_standard_link/binary_info.c.obj
 .rodata.__bi_75
                0x10005b74        0xc CMakeFiles/BitDogAnalyzer.dir/home/melvin/.pico-sdk/sdk/1.5.1/src/rp2_common/pico_standard_link/binary_info.c.obj
 .rodata.__bi_56
                0x10005b80        0xc CMakeFiles/BitDogAnalyzer.dir/home/melvin/.pico-sdk/sdk/1.5.1/src/rp2_common/pico_standard_link/binary_info.c.obj
 .rodata.__bi_44
                0x10005b8c        0xc CMakeFiles/BitDogAnalyzer.dir/home/melvin/.pico-sdk/sdk/1.5.1/src/rp2_common/pico_standard_link/binary_info.c.obj
 .rodata.crlf_str.0
                0x10005b98        0x2 CMakeFiles/BitDogAnalyzer.dir/home/melvin/.pico-sdk/sdk/1.5.1/src/rp2_common/pico_stdio/stdio.c.obj
 *fill*         0x10005b9a        0x2 
 .rodata._resetd_driver
                0x10005b9c       0x18 CMakeFiles/BitDogAnalyzer.dir/home/melvin/.pico-sdk/sdk/1.5.1/src/rp2_common/pico_stdio_usb/reset_interface.c.obj
 .rodata.str1.4
                0x10005bb4       0x13 CMakeFiles/BitDogAnalyzer.dir/home/melvin/.pico-sdk/sdk/1.5.1/src/rp2_common/pico_stdio_usb/stdio_usb.c.obj
 .rodata.__bi_182.0
                0x10005bb4        0xc CMakeFiles/BitDogAnalyzer.dir/home/melvin/.pico-sdk/sdk/1.5.1/src/rp2_common/pico_stdio_usb/stdio_usb.c.obj
 .rodata.str1.4
                0x10005bc0       0x2a CMakeFiles/BitDogAnalyzer.dir/home/melvin/.pico-sdk/sdk/1.5.1/src/rp2_common/pico_stdio_usb/stdio_usb_descriptors.c.obj
 .rodata.usbd_desc_str
                0x10005bc0       0x18 CMakeFiles/BitDogAnalyzer.dir/home/melvin/.pico-sdk/sdk/1.5.1/src/rp2_common/pico_stdio_usb/stdio_usb_descriptors.c.obj
 .rodata.usbd_desc_cfg
                0x10005bd8       0x54 CMakeFiles/BitDogAnalyzer.dir/home/melvin/.pico-sdk/sdk/1.5.1/src/rp2_common/pico_stdio_usb/stdio_usb_descriptors.c.obj
 .rodata.usbd_desc_device
                0x10005c2c       0x12 CMakeFiles/BitDogAnalyzer.dir/home/melvin/.pico-sdk/sdk/1.5.1/src/rp2_common/pico_stdio_usb/stdio_usb_descriptors.c.obj
 .rodata.str1.4
                0x10005c3e       0x14 CMakeFiles/BitDogAnalyzer.dir/home/melvin/.pico-sdk/sdk/1.5.1/lib/tinyusb/src/portable/raspberrypi/rp2040/dcd_rp2040.c.obj
 .rodata.str1.4
                0x10005c3e       0x53 CMakeFiles/BitDogAnalyzer.dir/home/melvin/.pico-sdk/sdk/1.5.1/lib/tinyusb/src/portable/raspberrypi/rp2040/rp2040_usb.c.obj
 *fill*         0x10005c3e        0x2 
 .rodata.tud_task_ext
                0x10005c40       0x8c CMakeFiles/BitDogAnalyzer.dir/home/melvin/.pico-sdk/sdk/1.5.1/lib/tinyusb/src/device/usbd.c.obj
 .rodata._usbd_driver
                0x10005ccc       0x18 CMakeFiles/BitDogAnalyzer.dir/home/melvin/.pico-sdk/sdk/1.5.1/lib/tinyusb/src/device/usbd.c.obj
 .rodata.pio_add_program.str1.4
                0x10005ce4       0x11 CMakeFiles/BitDogAnalyzer.dir/home/melvin/.pico-sdk/sdk/1.5.1/src/rp2_common/hardware_pio/pio.c.obj
                0x10005cf8                        . = ALIGN (0x4)
 *(SORT_BY_ALIGNMENT(SORT_BY_NAME(.flashdata*)))
                0x10005cf8                        . = ALIGN (0x4)

.ARM.extab
 *(.ARM.extab* .gnu.linkonce.armextab.*)
                0x10005ce4                        __exidx_start = .

.ARM.exidx
 *(.ARM.exidx* .gnu.linkonce.armexidx.*)
                0x10005ce4                        __exidx_end = .
                0x10005cf8                        . = ALIGN (0x4)
                0x10005ce4                        __binary_info_start = .

.binary_info    0x10005ce4       0x24
 *(.binary_info.keep.*)
 .binary_info.keep.__bi_ptr81
                0x10005ce4        0x4 CMakeFiles/BitDogAnalyzer.dir/home/melvin/.pico-sdk/sdk/1.5.1/src/rp2_common/pico_standard_link/binary_info.c.obj
 .binary_info.keep.__bi_ptr75
                0x10005ce8        0x4 CMakeFiles/BitDogAnalyzer.dir/home/melvin/.pico-sdk/sdk/1.5.1/src/rp2_common/pico_standard_link/binary_info.c.obj
 .binary_info.keep.__bi_ptr56
                0x10005cec        0x4 CMakeFiles/BitDogAnalyzer.dir/home/melvin/.pico-sdk/sdk/1.5.1/src/rp2_common/pico_standard_link/binary_info.c.obj
 .binary_info.keep.__bi_ptr50
                0x10005cf0        0x4 CMakeFiles/BitDogAnalyzer.dir/home/melvin/.pico-sdk/sdk/1.5.1/src/rp2_common/pico_standard_link/binary_info.c.obj
 .binary_info.keep.__bi_ptr44
                0x10005cf4        0x4 CMakeFiles/BitDogAnalyzer.dir/home/melvin/.pico-sdk/sdk/1.5.1/src/rp2_common/pico_standard_link/binary_info.c.obj
 .binary_info.keep.__bi_ptr38
                0x10005cf8        0x4 CMakeFiles/BitDogAnalyzer.dir/home/melvin/.pico-sdk/sdk/1.5.1/src/rp2_common/pico_standard_link/binary_info.c.obj
 .binary_info.keep.__bi_ptr30
                0x10005cfc        0x4 CMakeFiles/BitDogAnalyzer.dir/home/melvin/.pico-sdk/sdk/1.5.1/src/rp2_common/pico_standard_link/binary_info.c.obj
 .binary_info.keep.__bi_ptr22
                0x10005d00        0x4 CMakeFiles/BitDogAnalyzer.dir/home/melvin/.pico-sdk/sdk/1.5.1/src/rp2_common/pico_standard_link/binary_info.c.obj
 *(.binary_info.*)
 .binary_info.__bi_ptr182
                0x10005d04        0x4 CMakeFiles/BitDogAnalyzer.dir/home/melvin/.pico-sdk/sdk/1.5.1/src/rp2_common/pico_stdio_usb/stdio_usb.c.obj
                0x10005d08                        __binary_info_end = .

.rel.dyn        0x10005d08        0x0
 .rel.iplt      0x10005d08        0x0 /home/melvin/.pico-sdk/toolchain/13_2_Rel1/bin/../lib/gcc/arm-none-eabi/13.2.1/thumb/v6-m/nofp/crtbegin.o
                0x10005d08                        . = ALIGN (0x4)

.ram_vector_table
                0x20000000       0xc0
 *(.ram_vector_table)
 .ram_vector_table
                0x20000000       0xc0 CMakeFiles/BitDogAnalyzer.dir/home/melvin/.pico-sdk/sdk/1.5.1/src/rp2_common/pico_runtime/runtime.c.obj
                0x20000000                ram_vector_table

.data           0x200000c0     0x1358 load address 0x10005d08
                0x200000c0                        __data_start__ = .
 *(vtable)
 *(.time_critical*)
 .time_critical.mutex_try_enter
                0x200000c0       0x40 CMakeFiles/BitDogAnalyzer.dir/home/melvin/.pico-sdk/sdk/1.5.1/src/common/pico_sync/mutex.c.obj
                0x200000c0                mutex_try_enter
 .time_critical.mutex_try_enter_block_until
                0x20000100       0x9c CMakeFiles/BitDogAnalyzer.dir/home/melvin/.pico-sdk/sdk/1.5.1/src/common/pico_sync/mutex.c.obj
                0x20000100                mutex_try_enter_block_until
 .time_critical.mutex_enter_timeout_ms
                0x2000019c       0x90 CMakeFiles/BitDogAnalyzer.dir/home/melvin/.pico-sdk/sdk/1.5.1/src/common/pico_sync/mutex.c.obj
                0x2000019c                mutex_enter_timeout_ms
 .time_critical.mutex_exit
                0x2000022c       0x28 CMakeFiles/BitDogAnalyzer.dir/home/melvin/.pico-sdk/sdk/1.5.1/src/common/pico_sync/mutex.c.obj
                0x2000022c                mutex_exit
 .time_critical.flash_init_boot2_copyout
                0x20000254       0x30 CMakeFiles/BitDogAnalyzer.dir/home/melvin/.pico-sdk/sdk/1.5.1/src/rp2_common/hardware_flash/flash.c.obj
 .time_critical.flash_enable_xip_via_boot2
                0x20000284        0xc CMakeFiles/BitDogAnalyzer.dir/home/melvin/.pico-sdk/sdk/1.5.1/src/rp2_common/hardware_flash/flash.c.obj
 .time_critical.flash_cs_force
                0x20000290       0x38 CMakeFiles/BitDogAnalyzer.dir/home/melvin/.pico-sdk/sdk/1.5.1/src/rp2_common/hardware_flash/flash.c.obj
 .time_critical.flash_do_cmd
                0x200002c8       0xc0 CMakeFiles/BitDogAnalyzer.dir/home/melvin/.pico-sdk/sdk/1.5.1/src/rp2_common/hardware_flash/flash.c.obj
                0x200002c8                flash_do_cmd
 .time_critical.reset_non_control_endpoints
                0x20000388       0x68 CMakeFiles/BitDogAnalyzer.dir/home/melvin/.pico-sdk/sdk/1.5.1/lib/tinyusb/src/portable/raspberrypi/rp2040/dcd_rp2040.c.obj
 .time_critical.hw_handle_buff_status
                0x200003f0       0xb0 CMakeFiles/BitDogAnalyzer.dir/home/melvin/.pico-sdk/sdk/1.5.1/lib/tinyusb/src/portable/raspberrypi/rp2040/dcd_rp2040.c.obj
 .time_critical.dcd_rp2040_irq
                0x200004a0      0x510 CMakeFiles/BitDogAnalyzer.dir/home/melvin/.pico-sdk/sdk/1.5.1/lib/tinyusb/src/portable/raspberrypi/rp2040/dcd_rp2040.c.obj
 .time_critical.e15_is_bulkin_ep
                0x200009b0       0x28 CMakeFiles/BitDogAnalyzer.dir/home/melvin/.pico-sdk/sdk/1.5.1/lib/tinyusb/src/portable/raspberrypi/rp2040/rp2040_usb.c.obj
 .time_critical.e15_is_critical_frame_period
                0x200009d8       0x34 CMakeFiles/BitDogAnalyzer.dir/home/melvin/.pico-sdk/sdk/1.5.1/lib/tinyusb/src/portable/raspberrypi/rp2040/rp2040_usb.c.obj
 .time_critical.prepare_ep_buffer
                0x20000a0c       0x6c CMakeFiles/BitDogAnalyzer.dir/home/melvin/.pico-sdk/sdk/1.5.1/lib/tinyusb/src/portable/raspberrypi/rp2040/rp2040_usb.c.obj
 .time_critical.sync_ep_buffer
                0x20000a78       0x48 CMakeFiles/BitDogAnalyzer.dir/home/melvin/.pico-sdk/sdk/1.5.1/lib/tinyusb/src/portable/raspberrypi/rp2040/rp2040_usb.c.obj
 .time_critical._hw_endpoint_xfer_sync
                0x20000ac0       0x28 CMakeFiles/BitDogAnalyzer.dir/home/melvin/.pico-sdk/sdk/1.5.1/lib/tinyusb/src/portable/raspberrypi/rp2040/rp2040_usb.c.obj
 .time_critical.hw_endpoint_reset_transfer
                0x20000ae8        0xc CMakeFiles/BitDogAnalyzer.dir/home/melvin/.pico-sdk/sdk/1.5.1/lib/tinyusb/src/portable/raspberrypi/rp2040/rp2040_usb.c.obj
                0x20000ae8                hw_endpoint_reset_transfer
 .time_critical._hw_endpoint_buffer_control_update32
                0x20000af4       0x58 CMakeFiles/BitDogAnalyzer.dir/home/melvin/.pico-sdk/sdk/1.5.1/lib/tinyusb/src/portable/raspberrypi/rp2040/rp2040_usb.c.obj
                0x20000af4                _hw_endpoint_buffer_control_update32
 .time_critical.hw_endpoint_start_next_buffer
                0x20000b4c       0x6c CMakeFiles/BitDogAnalyzer.dir/home/melvin/.pico-sdk/sdk/1.5.1/lib/tinyusb/src/portable/raspberrypi/rp2040/rp2040_usb.c.obj
                0x20000b4c                hw_endpoint_start_next_buffer
 .time_critical.hw_endpoint_xfer_continue
                0x20000bb8       0x50 CMakeFiles/BitDogAnalyzer.dir/home/melvin/.pico-sdk/sdk/1.5.1/lib/tinyusb/src/portable/raspberrypi/rp2040/rp2040_usb.c.obj
                0x20000bb8                hw_endpoint_xfer_continue
 .time_critical.tinyusb
                0x20000c08      0x16c CMakeFiles/BitDogAnalyzer.dir/home/melvin/.pico-sdk/sdk/1.5.1/lib/tinyusb/src/device/usbd.c.obj
                0x20000c08                dcd_event_handler
 *(.text*)
 .text          0x20000d74        0x4 /home/melvin/.pico-sdk/toolchain/13_2_Rel1/bin/../lib/gcc/arm-none-eabi/13.2.1/thumb/v6-m/nofp/libgcc.a(_dvmd_tls.o)
                0x20000d74                __aeabi_ldiv0
                0x20000d74                __aeabi_idiv0
 .text.__stub   0x20000d78       0x70 linker stubs
                0x20000de8                        . = ALIGN (0x4)
 *(.rodata*)
                0x20000de8                        . = ALIGN (0x4)
 *(.data*)
 .data.striped_spin_lock_num
                0x20000de8        0x1 CMakeFiles/BitDogAnalyzer.dir/home/melvin/.pico-sdk/sdk/1.5.1/src/rp2_common/hardware_sync/sync.c.obj
 *fill*         0x20000de9        0x3 
 .data          0x20000dec       0x48 CMakeFiles/BitDogAnalyzer.dir/home/melvin/.pico-sdk/sdk/1.5.1/src/rp2_common/hardware_irq/irq_handler_chain.S.obj
                0x20000dec                irq_handler_chain_slots
                0x20000e1c                irq_handler_chain_first_slot
                0x20000e26                irq_handler_chain_remove_tail
 .data.default_alarm_pool
                0x20000e34       0x18 CMakeFiles/BitDogAnalyzer.dir/home/melvin/.pico-sdk/sdk/1.5.1/src/common/pico_time/time.c.obj
 .data.default_alarm_pool_heap
                0x20000e4c       0x10 CMakeFiles/BitDogAnalyzer.dir/home/melvin/.pico-sdk/sdk/1.5.1/src/common/pico_time/time.c.obj
 *fill*         0x20000e5c        0x4 
 .data.aeabi_bits_funcs
                0x20000e60       0x10 CMakeFiles/BitDogAnalyzer.dir/home/melvin/.pico-sdk/sdk/1.5.1/src/rp2_common/pico_bit_ops/bit_ops_aeabi.S.obj
                0x20000e60                aeabi_bits_funcs
                0x20000e70                aeabi_bits_funcs_end
 .data.aeabi_mem_funcs
                0x20000e70       0x10 CMakeFiles/BitDogAnalyzer.dir/home/melvin/.pico-sdk/sdk/1.5.1/src/rp2_common/pico_mem_ops/mem_ops_aeabi.S.obj
                0x20000e70                aeabi_mem_funcs
                0x20000e80                aeabi_mem_funcs_end
 .data.stdio_usb
                0x20000e80       0x18 CMakeFiles/BitDogAnalyzer.dir/home/melvin/.pico-sdk/sdk/1.5.1/src/rp2_common/pico_stdio_usb/stdio_usb.c.obj
                0x20000e80                stdio_usb
 .data.ep_dir_string
                0x20000e98        0x8 CMakeFiles/BitDogAnalyzer.dir/home/melvin/.pico-sdk/sdk/1.5.1/lib/tinyusb/src/portable/raspberrypi/rp2040/rp2040_usb.c.obj
                0x20000e98                ep_dir_string
 .data._usbd_qdef
                0x20000ea0       0x1c CMakeFiles/BitDogAnalyzer.dir/home/melvin/.pico-sdk/sdk/1.5.1/lib/tinyusb/src/device/usbd.c.obj
                0x20000ea0                _usbd_qdef
 .data._usbd_rhport
                0x20000ebc        0x1 CMakeFiles/BitDogAnalyzer.dir/home/melvin/.pico-sdk/sdk/1.5.1/lib/tinyusb/src/device/usbd.c.obj
 *fill*         0x20000ebd        0x3 
 .data.__malloc_sbrk_base
                0x20000ec0        0x4 /home/melvin/.pico-sdk/toolchain/13_2_Rel1/bin/../lib/gcc/arm-none-eabi/13.2.1/../../../../arm-none-eabi/lib/thumb/v6-m/nofp/libc.a(libc_a-mallocr.o)
                0x20000ec0                __malloc_sbrk_base
 .data.__malloc_trim_threshold
                0x20000ec4        0x4 /home/melvin/.pico-sdk/toolchain/13_2_Rel1/bin/../lib/gcc/arm-none-eabi/13.2.1/../../../../arm-none-eabi/lib/thumb/v6-m/nofp/libc.a(libc_a-mallocr.o)
                0x20000ec4                __malloc_trim_threshold
 .data.__malloc_av_
                0x20000ec8      0x408 /home/melvin/.pico-sdk/toolchain/13_2_Rel1/bin/../lib/gcc/arm-none-eabi/13.2.1/../../../../arm-none-eabi/lib/thumb/v6-m/nofp/libc.a(libc_a-mallocr.o)
                0x20000ec8                __malloc_av_
 .data._impure_ptr
                0x200012d0        0x4 /home/melvin/.pico-sdk/toolchain/13_2_Rel1/bin/../lib/gcc/arm-none-eabi/13.2.1/../../../../arm-none-eabi/lib/thumb/v6-m/nofp/libc.a(libc_a-impure.o)
                0x200012d0                _impure_ptr
 *fill*         0x200012d4        0x4 
 .data._impure_data
                0x200012d8      0x120 /home/melvin/.pico-sdk/toolchain/13_2_Rel1/bin/../lib/gcc/arm-none-eabi/13.2.1/../../../../arm-none-eabi/lib/thumb/v6-m/nofp/libc.a(libc_a-impure.o)
                0x200012d8                _impure_data
                0x200013f8                        . = ALIGN (0x4)
 *(.after_data.*)
                0x200013f8                        . = ALIGN (0x4)
                0x200013f8                        PROVIDE (__mutex_array_start = .)
 *(SORT_BY_NAME(.mutex_array.*))
 *(.mutex_array)
 .mutex_array   0x200013f8        0x8 CMakeFiles/BitDogAnalyzer.dir/home/melvin/.pico-sdk/sdk/1.5.1/src/rp2_common/pico_stdio/stdio.c.obj
                0x20001400                        PROVIDE (__mutex_array_end = .)
                0x20001400                        . = ALIGN (0x4)
                0x20001400                        PROVIDE (__preinit_array_start = .)
 *(SORT_BY_NAME(.preinit_array.*))
 .preinit_array.00001
                0x20001400        0x4 CMakeFiles/BitDogAnalyzer.dir/home/melvin/.pico-sdk/sdk/1.5.1/src/rp2_common/pico_mem_ops/mem_ops_aeabi.S.obj
 .preinit_array.00010
                0x20001404        0x4 CMakeFiles/BitDogAnalyzer.dir/home/melvin/.pico-sdk/sdk/1.5.1/src/rp2_common/pico_bit_ops/bit_ops_aeabi.S.obj
 .preinit_array.00020
                0x20001408        0x4 CMakeFiles/BitDogAnalyzer.dir/home/melvin/.pico-sdk/sdk/1.5.1/src/rp2_common/pico_double/double_aeabi.S.obj
 .preinit_array.00020
                0x2000140c        0x4 CMakeFiles/BitDogAnalyzer.dir/home/melvin/.pico-sdk/sdk/1.5.1/src/rp2_common/pico_float/float_aeabi.S.obj
 *(.preinit_array)
                0x20001410                        PROVIDE (__preinit_array_end = .)
                0x20001410                        . = ALIGN (0x4)
                0x20001410                        PROVIDE (__init_array_start = .)
 *(SORT_BY_NAME(.init_array.*))
 *(.init_array)
 .init_array    0x20001410        0x4 /home/melvin/.pico-sdk/toolchain/13_2_Rel1/bin/../lib/gcc/arm-none-eabi/13.2.1/thumb/v6-m/nofp/crtbegin.o
 .init_array    0x20001414        0x4 CMakeFiles/BitDogAnalyzer.dir/home/melvin/.pico-sdk/sdk/1.5.1/src/rp2_common/pico_unique_id/unique_id.c.obj
                0x20001418                        PROVIDE (__init_array_end = .)
                0x20001418                        . = ALIGN (0x4)
                [!provide]                        PROVIDE (__fini_array_start = .)
 *(SORT_BY_NAME(.fini_array.*))
 *(.fini_array)
                [!provide]                        PROVIDE (__fini_array_end = .)
 *(.jcr)
                0x20001418                        . = ALIGN (0x4)
                0x20001418                        __data_end__ = .
                0x10005d08                        __etext = LOADADDR (.data)

.tm_clone_table
                0x20001418        0x0 load address 0x10007060
 .tm_clone_table
                0x20001418        0x0 /home/melvin/.pico-sdk/toolchain/13_2_Rel1/bin/../lib/gcc/arm-none-eabi/13.2.1/thumb/v6-m/nofp/crtbegin.o
 .tm_clone_table
                0x20001418        0x0 /home/melvin/.pico-sdk/toolchain/13_2_Rel1/bin/../lib/gcc/arm-none-eabi/13.2.1/thumb/v6-m/nofp/crtend.o

.igot.plt       0x20001418        0x0 load address 0x10007060
 .igot.plt      0x20001418        0x0 /home/melvin/.pico-sdk/toolchain/13_2_Rel1/bin/../lib/gcc/arm-none-eabi/13.2.1/thumb/v6-m/nofp/crtbegin.o

.uninitialized_data
                0x20001418        0x0 load address 0x10007060
                0x20001418                        . = ALIGN (0x4)
 *(.uninitialized_data*)

.scratch_x      0x20040000        0x0 load address 0x10007060
                0x20040000                        __scratch_x_start__ = .
 *(.scratch_x.*)
                0x20040000                        . = ALIGN (0x4)
                0x20040000                        __scratch_x_end__ = .
                0x10007060                        __scratch_x_source__ = LOADADDR (.scratch_x)

.scratch_y      0x20041000        0x0 load address 0x10007060
                0x20041000                        __scratch_y_start__ = .
 *(.scratch_y.*)
                0x20041000                        . = ALIGN (0x4)
                0x20041000                        __scratch_y_end__ = .
                0x10007060                        __scratch_y_source__ = LOADADDR (.scratch_y)

.bss            0x20001418      0xf14
                0x20001418                        . = ALIGN (0x4)
                0x20001418                        __bss_start__ = .
 *(SORT_BY_ALIGNMENT(SORT_BY_NAME(.bss*)))
 .bss.configured_freq
                0x20001418       0x28 CMakeFiles/BitDogAnalyzer.dir/home/melvin/.pico-sdk/sdk/1.5.1/src/rp2_common/hardware_clocks/clocks.c.obj
 .bss.default_alarm_pool_entries
                0x20001440      0x100 CMakeFiles/BitDogAnalyzer.dir/home/melvin/.pico-sdk/sdk/1.5.1/src/common/pico_time/time.c.obj
 .bss.last_avail_time.1
                0x20001540        0x8 CMakeFiles/BitDogAnalyzer.dir/home/melvin/.pico-sdk/sdk/1.5.1/src/rp2_common/pico_stdio_usb/stdio_usb.c.obj
 .bss.sd_table  0x20001548      0x100 CMakeFiles/BitDogAnalyzer.dir/home/melvin/.pico-sdk/sdk/1.5.1/src/rp2_common/pico_double/double_init_rom.c.obj
                0x20001548                sd_table
 .bss.__lock___malloc_recursive_mutex
                0x20001648        0x1 /home/melvin/.pico-sdk/toolchain/13_2_Rel1/bin/../lib/gcc/arm-none-eabi/13.2.1/../../../../arm-none-eabi/lib/thumb/v6-m/nofp/libc.a(libc_a-lock.o)
                0x20001648                __lock___malloc_recursive_mutex
 *fill*         0x20001649        0x3 
 .bss.__malloc_current_mallinfo
                0x2000164c       0x28 /home/melvin/.pico-sdk/toolchain/13_2_Rel1/bin/../lib/gcc/arm-none-eabi/13.2.1/../../../../arm-none-eabi/lib/thumb/v6-m/nofp/libc.a(libc_a-mallocr.o)
                0x2000164c                __malloc_current_mallinfo
 .bss.__malloc_max_sbrked_mem
                0x20001674        0x4 /home/melvin/.pico-sdk/toolchain/13_2_Rel1/bin/../lib/gcc/arm-none-eabi/13.2.1/../../../../arm-none-eabi/lib/thumb/v6-m/nofp/libc.a(libc_a-mallocr.o)
                0x20001674                __malloc_max_sbrked_mem
 .bss.__malloc_max_total_mem
                0x20001678        0x4 /home/melvin/.pico-sdk/toolchain/13_2_Rel1/bin/../lib/gcc/arm-none-eabi/13.2.1/../../../../arm-none-eabi/lib/thumb/v6-m/nofp/libc.a(libc_a-mallocr.o)
                0x20001678                __malloc_max_total_mem
 .bss.__malloc_top_pad
                0x2000167c        0x4 /home/melvin/.pico-sdk/toolchain/13_2_Rel1/bin/../lib/gcc/arm-none-eabi/13.2.1/../../../../arm-none-eabi/lib/thumb/v6-m/nofp/libc.a(libc_a-mallocr.o)
                0x2000167c                __malloc_top_pad
 .bss.__sf      0x20001680      0x138 /home/melvin/.pico-sdk/toolchain/13_2_Rel1/bin/../lib/gcc/arm-none-eabi/13.2.1/../../../../arm-none-eabi/lib/thumb/v6-m/nofp/libc.a(libc_a-findfp.o)
                0x20001680                __sf
 .bss._app_driver
                0x200017b8        0x4 CMakeFiles/BitDogAnalyzer.dir/home/melvin/.pico-sdk/sdk/1.5.1/lib/tinyusb/src/device/usbd.c.obj
 .bss._cdcd_itf
                0x200017bc      0x2c8 CMakeFiles/BitDogAnalyzer.dir/home/melvin/.pico-sdk/sdk/1.5.1/lib/tinyusb/src/class/cdc/cdc_device.c.obj
 .bss._ctrl_xfer
                0x20001a84       0x14 CMakeFiles/BitDogAnalyzer.dir/home/melvin/.pico-sdk/sdk/1.5.1/lib/tinyusb/src/device/usbd_control.c.obj
 .bss._ubsd_mutexdef
                0x20001a98        0x8 CMakeFiles/BitDogAnalyzer.dir/home/melvin/.pico-sdk/sdk/1.5.1/lib/tinyusb/src/device/usbd.c.obj
 .bss._usbd_ctrl_buf
                0x20001aa0       0x40 CMakeFiles/BitDogAnalyzer.dir/home/melvin/.pico-sdk/sdk/1.5.1/lib/tinyusb/src/device/usbd_control.c.obj
 .bss._usbd_dev
                0x20001ae0       0x53 CMakeFiles/BitDogAnalyzer.dir/home/melvin/.pico-sdk/sdk/1.5.1/lib/tinyusb/src/device/usbd.c.obj
 *fill*         0x20001b33        0x1 
 .bss._usbd_mutex
                0x20001b34        0x4 CMakeFiles/BitDogAnalyzer.dir/home/melvin/.pico-sdk/sdk/1.5.1/lib/tinyusb/src/device/usbd.c.obj
 .bss._usbd_q   0x20001b38        0x4 CMakeFiles/BitDogAnalyzer.dir/home/melvin/.pico-sdk/sdk/1.5.1/lib/tinyusb/src/device/usbd.c.obj
 .bss._usbd_qdef_buf
                0x20001b3c       0xc0 CMakeFiles/BitDogAnalyzer.dir/home/melvin/.pico-sdk/sdk/1.5.1/lib/tinyusb/src/device/usbd.c.obj
                0x20001b3c                _usbd_qdef_buf
 .bss._used_instruction_space
                0x20001bfc        0x8 CMakeFiles/BitDogAnalyzer.dir/home/melvin/.pico-sdk/sdk/1.5.1/src/rp2_common/hardware_pio/pio.c.obj
 .bss.alarm_callbacks
                0x20001c04       0x10 CMakeFiles/BitDogAnalyzer.dir/home/melvin/.pico-sdk/sdk/1.5.1/src/rp2_common/hardware_timer/timer.c.obj
 .bss.boot2_copyout
                0x20001c14      0x100 CMakeFiles/BitDogAnalyzer.dir/home/melvin/.pico-sdk/sdk/1.5.1/src/rp2_common/hardware_flash/flash.c.obj
 .bss.chars_available_callback
                0x20001d14        0x4 CMakeFiles/BitDogAnalyzer.dir/home/melvin/.pico-sdk/sdk/1.5.1/src/rp2_common/pico_stdio_usb/stdio_usb.c.obj
 .bss.chars_available_param
                0x20001d18        0x4 CMakeFiles/BitDogAnalyzer.dir/home/melvin/.pico-sdk/sdk/1.5.1/src/rp2_common/pico_stdio_usb/stdio_usb.c.obj
 .bss.claimed   0x20001d1c        0x4 CMakeFiles/BitDogAnalyzer.dir/home/melvin/.pico-sdk/sdk/1.5.1/src/rp2_common/hardware_sync/sync.c.obj
 .bss.default_alarm_pool_entry_ids_high
                0x20001d20       0x10 CMakeFiles/BitDogAnalyzer.dir/home/melvin/.pico-sdk/sdk/1.5.1/src/common/pico_time/time.c.obj
 .bss.default_alarm_pool_heap_nodes
                0x20001d30       0x30 CMakeFiles/BitDogAnalyzer.dir/home/melvin/.pico-sdk/sdk/1.5.1/src/common/pico_time/time.c.obj
 .bss.desc_str.0
                0x20001d60       0x28 CMakeFiles/BitDogAnalyzer.dir/home/melvin/.pico-sdk/sdk/1.5.1/src/rp2_common/pico_stdio_usb/stdio_usb_descriptors.c.obj
 .bss.drivers   0x20001d88        0x4 CMakeFiles/BitDogAnalyzer.dir/home/melvin/.pico-sdk/sdk/1.5.1/src/rp2_common/pico_stdio/stdio.c.obj
 .bss.e15_last_sof
                0x20001d8c        0x4 CMakeFiles/BitDogAnalyzer.dir/home/melvin/.pico-sdk/sdk/1.5.1/lib/tinyusb/src/portable/raspberrypi/rp2040/rp2040_usb.c.obj
                0x20001d8c                e15_last_sof
 .bss.errno     0x20001d90        0x4 /home/melvin/.pico-sdk/toolchain/13_2_Rel1/bin/../lib/gcc/arm-none-eabi/13.2.1/../../../../arm-none-eabi/lib/thumb/v6-m/nofp/libc.a(libc_a-reent.o)
                0x20001d90                errno
 .bss.filter    0x20001d94        0x4 CMakeFiles/BitDogAnalyzer.dir/home/melvin/.pico-sdk/sdk/1.5.1/src/rp2_common/pico_stdio/stdio.c.obj
 .bss.freq_divider
                0x20001d98        0x4 CMakeFiles/BitDogAnalyzer.dir/BitDogAnalyzer.c.obj
                0x20001d98                freq_divider
 .bss.heap_end.0
                0x20001d9c        0x4 CMakeFiles/BitDogAnalyzer.dir/home/melvin/.pico-sdk/sdk/1.5.1/src/rp2_common/pico_runtime/runtime.c.obj
 .bss.hw_endpoints
                0x20001da0      0x400 CMakeFiles/BitDogAnalyzer.dir/home/melvin/.pico-sdk/sdk/1.5.1/lib/tinyusb/src/portable/raspberrypi/rp2040/dcd_rp2040.c.obj
 .bss.lazy_vsnprintf
                0x200021a0        0x4 CMakeFiles/BitDogAnalyzer.dir/home/melvin/.pico-sdk/sdk/1.5.1/src/rp2_common/pico_printf/printf.c.obj
 .bss.load_value
                0x200021a4        0x4 CMakeFiles/BitDogAnalyzer.dir/home/melvin/.pico-sdk/sdk/1.5.1/src/rp2_common/hardware_watchdog/watchdog.c.obj
 .bss.next_buffer_ptr
                0x200021a8        0x4 CMakeFiles/BitDogAnalyzer.dir/home/melvin/.pico-sdk/sdk/1.5.1/lib/tinyusb/src/portable/raspberrypi/rp2040/dcd_rp2040.c.obj
 .bss.object.0  0x200021ac       0x18 /home/melvin/.pico-sdk/toolchain/13_2_Rel1/bin/../lib/gcc/arm-none-eabi/13.2.1/thumb/v6-m/nofp/crtbegin.o
 .bss.one_shot_timer_crit_sec
                0x200021c4        0x8 CMakeFiles/BitDogAnalyzer.dir/home/melvin/.pico-sdk/sdk/1.5.1/src/rp2_common/pico_stdio_usb/stdio_usb.c.obj
 .bss.pools     0x200021cc       0x10 CMakeFiles/BitDogAnalyzer.dir/home/melvin/.pico-sdk/sdk/1.5.1/src/common/pico_time/time.c.obj
 .bss.retrieved_id
                0x200021dc        0x8 CMakeFiles/BitDogAnalyzer.dir/home/melvin/.pico-sdk/sdk/1.5.1/src/rp2_common/pico_unique_id/unique_id.c.obj
 .bss.sf_clz_func
                0x200021e4        0x4 CMakeFiles/BitDogAnalyzer.dir/home/melvin/.pico-sdk/sdk/1.5.1/src/rp2_common/pico_double/double_init_rom.c.obj
                0x200021e4                sf_clz_func
 .bss.sf_table  0x200021e8      0x100 CMakeFiles/BitDogAnalyzer.dir/home/melvin/.pico-sdk/sdk/1.5.1/src/rp2_common/pico_float/float_init_rom.c.obj
                0x200021e8                sf_table
 .bss.sleep_notifier
                0x200022e8        0x4 CMakeFiles/BitDogAnalyzer.dir/home/melvin/.pico-sdk/sdk/1.5.1/src/common/pico_time/time.c.obj
 .bss.stdio_usb_mutex
                0x200022ec        0x8 CMakeFiles/BitDogAnalyzer.dir/home/melvin/.pico-sdk/sdk/1.5.1/src/rp2_common/pico_stdio_usb/stdio_usb.c.obj
 .bss.sump_command_bytes
                0x200022f4        0x5 CMakeFiles/BitDogAnalyzer.dir/BitDogAnalyzer.c.obj
                0x200022f4                sump_command_bytes
 *fill*         0x200022f9        0x3 
 .bss.target_hi
                0x200022fc       0x10 CMakeFiles/BitDogAnalyzer.dir/home/melvin/.pico-sdk/sdk/1.5.1/src/rp2_common/hardware_timer/timer.c.obj
 .bss.usbd_serial_str
                0x2000230c       0x11 CMakeFiles/BitDogAnalyzer.dir/home/melvin/.pico-sdk/sdk/1.5.1/src/rp2_common/pico_stdio_usb/stdio_usb_descriptors.c.obj
 .bss._app_driver_count
                0x2000231d        0x1 CMakeFiles/BitDogAnalyzer.dir/home/melvin/.pico-sdk/sdk/1.5.1/lib/tinyusb/src/device/usbd.c.obj
 .bss._sof_enable
                0x2000231e        0x1 CMakeFiles/BitDogAnalyzer.dir/home/melvin/.pico-sdk/sdk/1.5.1/lib/tinyusb/src/portable/raspberrypi/rp2040/dcd_rp2040.c.obj
 .bss.boot2_copyout_valid
                0x2000231f        0x1 CMakeFiles/BitDogAnalyzer.dir/home/melvin/.pico-sdk/sdk/1.5.1/src/rp2_common/hardware_flash/flash.c.obj
 .bss.claimed   0x20002320        0x1 CMakeFiles/BitDogAnalyzer.dir/home/melvin/.pico-sdk/sdk/1.5.1/src/rp2_common/hardware_timer/timer.c.obj
 .bss.irq_hander_chain_free_slot_head
                0x20002321        0x1 CMakeFiles/BitDogAnalyzer.dir/home/melvin/.pico-sdk/sdk/1.5.1/src/rp2_common/hardware_irq/irq.c.obj
 .bss.itf_num   0x20002322        0x1 CMakeFiles/BitDogAnalyzer.dir/home/melvin/.pico-sdk/sdk/1.5.1/src/rp2_common/pico_stdio_usb/reset_interface.c.obj
 .bss.low_priority_irq_num
                0x20002323        0x1 CMakeFiles/BitDogAnalyzer.dir/home/melvin/.pico-sdk/sdk/1.5.1/src/rp2_common/pico_stdio_usb/stdio_usb.c.obj
 .bss.one_shot_timer_pending
                0x20002324        0x1 CMakeFiles/BitDogAnalyzer.dir/home/melvin/.pico-sdk/sdk/1.5.1/src/rp2_common/pico_stdio_usb/stdio_usb.c.obj
 .bss.sump_command
                0x20002325        0x1 CMakeFiles/BitDogAnalyzer.dir/BitDogAnalyzer.c.obj
                0x20002325                sump_command
 .bss.timer_callbacks_pending
                0x20002326        0x1 CMakeFiles/BitDogAnalyzer.dir/home/melvin/.pico-sdk/sdk/1.5.1/src/rp2_common/hardware_timer/timer.c.obj
 .bss.trigger_mask
                0x20002327        0x1 CMakeFiles/BitDogAnalyzer.dir/BitDogAnalyzer.c.obj
                0x20002327                trigger_mask
 .bss.trigger_value
                0x20002328        0x1 CMakeFiles/BitDogAnalyzer.dir/BitDogAnalyzer.c.obj
                0x20002328                trigger_value
 .bss.user_irq_claimed
                0x20002329        0x1 CMakeFiles/BitDogAnalyzer.dir/home/melvin/.pico-sdk/sdk/1.5.1/src/rp2_common/hardware_irq/irq.c.obj
 *(COMMON)
                0x2000232c                        . = ALIGN (0x4)
 *fill*         0x2000232a        0x2 
                0x2000232c                        __bss_end__ = .

.heap           0x2000232c      0x800
                0x2000232c                        __end__ = .
                0x2000232c                        end = __end__
 *(.heap*)
 .heap          0x2000232c      0x800 CMakeFiles/BitDogAnalyzer.dir/home/melvin/.pico-sdk/sdk/1.5.1/src/rp2_common/pico_standard_link/crt0.S.obj
                0x20002b2c                        __HeapLimit = .

.stack1_dummy
 *(.stack1*)

.stack_dummy    0x20041000      0x800
 *(.stack*)
 .stack         0x20041000      0x800 CMakeFiles/BitDogAnalyzer.dir/home/melvin/.pico-sdk/sdk/1.5.1/src/rp2_common/pico_standard_link/crt0.S.obj

.flash_end      0x10007060        0x0
                0x10007060                        PROVIDE (__flash_binary_end = .)
                0x20040000                        __StackLimit = (ORIGIN (RAM) + LENGTH (RAM))
                0x20041000                        __StackOneTop = (ORIGIN (SCRATCH_X) + LENGTH (SCRATCH_X))
                0x20042000                        __StackTop = (ORIGIN (SCRATCH_Y) + LENGTH (SCRATCH_Y))
                0x20041000                        __StackOneBottom = (__StackOneTop - SIZEOF (.stack1_dummy))
                0x20041800                        __StackBottom = (__StackTop - SIZEOF (.stack_dummy))
                0x20042000                        PROVIDE (__stack = __StackTop)
                0x00000001                        ASSERT ((__StackLimit >= __HeapLimit), region RAM overflowed)
                0x00000001                        ASSERT (((__binary_info_header_end - __logical_binary_start) <= 0x100), Binary info must be in first 256 bytes of the binary)
LOAD CMakeFiles/BitDogAnalyzer.dir/BitDogAnalyzer.c.obj
LOAD CMakeFiles/BitDogAnalyzer.dir/home/melvin/.pico-sdk/sdk/1.5.1/src/rp2_common/pico_stdlib/stdlib.c.obj
LOAD CMakeFiles/BitDogAnalyzer.dir/home/melvin/.pico-sdk/sdk/1.5.1/src/rp2_common/hardware_gpio/gpio.c.obj
LOAD CMakeFiles/BitDogAnalyzer.dir/home/melvin/.pico-sdk/sdk/1.5.1/src/rp2_common/pico_platform/platform.c.obj
LOAD CMakeFiles/BitDogAnalyzer.dir/home/melvin/.pico-sdk/sdk/1.5.1/src/rp2_common/hardware_claim/claim.c.obj
LOAD CMakeFiles/BitDogAnalyzer.dir/home/melvin/.pico-sdk/sdk/1.5.1/src/rp2_common/hardware_sync/sync.c.obj
LOAD CMakeFiles/BitDogAnalyzer.dir/home/melvin/.pico-sdk/sdk/1.5.1/src/rp2_common/hardware_irq/irq.c.obj
LOAD CMakeFiles/BitDogAnalyzer.dir/home/melvin/.pico-sdk/sdk/1.5.1/src/rp2_common/hardware_irq/irq_handler_chain.S.obj
LOAD CMakeFiles/BitDogAnalyzer.dir/home/melvin/.pico-sdk/sdk/1.5.1/src/common/pico_sync/sem.c.obj
LOAD CMakeFiles/BitDogAnalyzer.dir/home/melvin/.pico-sdk/sdk/1.5.1/src/common/pico_sync/lock_core.c.obj
LOAD CMakeFiles/BitDogAnalyzer.dir/home/melvin/.pico-sdk/sdk/1.5.1/src/common/pico_sync/mutex.c.obj
LOAD CMakeFiles/BitDogAnalyzer.dir/home/melvin/.pico-sdk/sdk/1.5.1/src/common/pico_sync/critical_section.c.obj
LOAD CMakeFiles/BitDogAnalyzer.dir/home/melvin/.pico-sdk/sdk/1.5.1/src/common/pico_time/time.c.obj
LOAD CMakeFiles/BitDogAnalyzer.dir/home/melvin/.pico-sdk/sdk/1.5.1/src/common/pico_time/timeout_helper.c.obj
LOAD CMakeFiles/BitDogAnalyzer.dir/home/melvin/.pico-sdk/sdk/1.5.1/src/rp2_common/hardware_timer/timer.c.obj
LOAD CMakeFiles/BitDogAnalyzer.dir/home/melvin/.pico-sdk/sdk/1.5.1/src/common/pico_util/datetime.c.obj
LOAD CMakeFiles/BitDogAnalyzer.dir/home/melvin/.pico-sdk/sdk/1.5.1/src/common/pico_util/pheap.c.obj
LOAD CMakeFiles/BitDogAnalyzer.dir/home/melvin/.pico-sdk/sdk/1.5.1/src/common/pico_util/queue.c.obj
LOAD CMakeFiles/BitDogAnalyzer.dir/home/melvin/.pico-sdk/sdk/1.5.1/src/rp2_common/hardware_uart/uart.c.obj
LOAD CMakeFiles/BitDogAnalyzer.dir/home/melvin/.pico-sdk/sdk/1.5.1/src/rp2_common/hardware_clocks/clocks.c.obj
LOAD CMakeFiles/BitDogAnalyzer.dir/home/melvin/.pico-sdk/sdk/1.5.1/src/rp2_common/hardware_pll/pll.c.obj
LOAD CMakeFiles/BitDogAnalyzer.dir/home/melvin/.pico-sdk/sdk/1.5.1/src/rp2_common/hardware_vreg/vreg.c.obj
LOAD CMakeFiles/BitDogAnalyzer.dir/home/melvin/.pico-sdk/sdk/1.5.1/src/rp2_common/hardware_watchdog/watchdog.c.obj
LOAD CMakeFiles/BitDogAnalyzer.dir/home/melvin/.pico-sdk/sdk/1.5.1/src/rp2_common/hardware_xosc/xosc.c.obj
LOAD CMakeFiles/BitDogAnalyzer.dir/home/melvin/.pico-sdk/sdk/1.5.1/src/rp2_common/hardware_divider/divider.S.obj
LOAD CMakeFiles/BitDogAnalyzer.dir/home/melvin/.pico-sdk/sdk/1.5.1/src/rp2_common/pico_runtime/runtime.c.obj
LOAD CMakeFiles/BitDogAnalyzer.dir/home/melvin/.pico-sdk/sdk/1.5.1/src/rp2_common/pico_printf/printf.c.obj
LOAD CMakeFiles/BitDogAnalyzer.dir/home/melvin/.pico-sdk/sdk/1.5.1/src/rp2_common/pico_bit_ops/bit_ops_aeabi.S.obj
LOAD CMakeFiles/BitDogAnalyzer.dir/home/melvin/.pico-sdk/sdk/1.5.1/src/rp2_common/pico_bootrom/bootrom.c.obj
LOAD CMakeFiles/BitDogAnalyzer.dir/home/melvin/.pico-sdk/sdk/1.5.1/src/rp2_common/pico_divider/divider.S.obj
LOAD CMakeFiles/BitDogAnalyzer.dir/home/melvin/.pico-sdk/sdk/1.5.1/src/rp2_common/pico_double/double_aeabi.S.obj
LOAD CMakeFiles/BitDogAnalyzer.dir/home/melvin/.pico-sdk/sdk/1.5.1/src/rp2_common/pico_double/double_init_rom.c.obj
LOAD CMakeFiles/BitDogAnalyzer.dir/home/melvin/.pico-sdk/sdk/1.5.1/src/rp2_common/pico_double/double_math.c.obj
LOAD CMakeFiles/BitDogAnalyzer.dir/home/melvin/.pico-sdk/sdk/1.5.1/src/rp2_common/pico_double/double_v1_rom_shim.S.obj
LOAD CMakeFiles/BitDogAnalyzer.dir/home/melvin/.pico-sdk/sdk/1.5.1/src/rp2_common/pico_int64_ops/pico_int64_ops_aeabi.S.obj
LOAD CMakeFiles/BitDogAnalyzer.dir/home/melvin/.pico-sdk/sdk/1.5.1/src/rp2_common/pico_float/float_aeabi.S.obj
LOAD CMakeFiles/BitDogAnalyzer.dir/home/melvin/.pico-sdk/sdk/1.5.1/src/rp2_common/pico_float/float_init_rom.c.obj
LOAD CMakeFiles/BitDogAnalyzer.dir/home/melvin/.pico-sdk/sdk/1.5.1/src/rp2_common/pico_float/float_math.c.obj
LOAD CMakeFiles/BitDogAnalyzer.dir/home/melvin/.pico-sdk/sdk/1.5.1/src/rp2_common/pico_float/float_v1_rom_shim.S.obj
LOAD CMakeFiles/BitDogAnalyzer.dir/home/melvin/.pico-sdk/sdk/1.5.1/src/rp2_common/pico_malloc/pico_malloc.c.obj
LOAD CMakeFiles/BitDogAnalyzer.dir/home/melvin/.pico-sdk/sdk/1.5.1/src/rp2_common/pico_mem_ops/mem_ops_aeabi.S.obj
LOAD CMakeFiles/BitDogAnalyzer.dir/home/melvin/.pico-sdk/sdk/1.5.1/src/rp2_common/pico_standard_link/crt0.S.obj
LOAD CMakeFiles/BitDogAnalyzer.dir/home/melvin/.pico-sdk/sdk/1.5.1/src/rp2_common/pico_standard_link/new_delete.cpp.obj
LOAD CMakeFiles/BitDogAnalyzer.dir/home/melvin/.pico-sdk/sdk/1.5.1/src/rp2_common/pico_standard_link/binary_info.c.obj
LOAD CMakeFiles/BitDogAnalyzer.dir/home/melvin/.pico-sdk/sdk/1.5.1/src/rp2_common/pico_stdio/stdio.c.obj
LOAD CMakeFiles/BitDogAnalyzer.dir/home/melvin/.pico-sdk/sdk/1.5.1/src/rp2_common/pico_stdio_usb/reset_interface.c.obj
LOAD CMakeFiles/BitDogAnalyzer.dir/home/melvin/.pico-sdk/sdk/1.5.1/src/rp2_common/pico_stdio_usb/stdio_usb.c.obj
LOAD CMakeFiles/BitDogAnalyzer.dir/home/melvin/.pico-sdk/sdk/1.5.1/src/rp2_common/pico_stdio_usb/stdio_usb_descriptors.c.obj
LOAD CMakeFiles/BitDogAnalyzer.dir/home/melvin/.pico-sdk/sdk/1.5.1/src/rp2_common/pico_unique_id/unique_id.c.obj
LOAD CMakeFiles/BitDogAnalyzer.dir/home/melvin/.pico-sdk/sdk/1.5.1/src/rp2_common/hardware_flash/flash.c.obj
LOAD CMakeFiles/BitDogAnalyzer.dir/home/melvin/.pico-sdk/sdk/1.5.1/lib/tinyusb/src/portable/raspberrypi/rp2040/dcd_rp2040.c.obj
LOAD CMakeFiles/BitDogAnalyzer.dir/home/melvin/.pico-sdk/sdk/1.5.1/lib/tinyusb/src/portable/raspberrypi/rp2040/rp2040_usb.c.obj
LOAD CMakeFiles/BitDogAnalyzer.dir/home/melvin/.pico-sdk/sdk/1.5.1/lib/tinyusb/src/device/usbd.c.obj
LOAD CMakeFiles/BitDogAnalyzer.dir/home/melvin/.pico-sdk/sdk/1.5.1/lib/tinyusb/src/device/usbd_control.c.obj
LOAD CMakeFiles/BitDogAnalyzer.dir/home/melvin/.pico-sdk/sdk/1.5.1/lib/tinyusb/src/class/audio/audio_device.c.obj
LOAD CMakeFiles/BitDogAnalyzer.dir/home/melvin/.pico-sdk/sdk/1.5.1/lib/tinyusb/src/class/cdc/cdc_device.c.obj
LOAD CMakeFiles/BitDogAnalyzer.dir/home/melvin/.pico-sdk/sdk/1.5.1/lib/tinyusb/src/class/dfu/dfu_device.c.obj
LOAD CMakeFiles/BitDogAnalyzer.dir/home/melvin/.pico-sdk/sdk/1.5.1/lib/tinyusb/src/class/dfu/dfu_rt_device.c.obj
LOAD CMakeFiles/BitDogAnalyzer.dir/home/melvin/.pico-sdk/sdk/1.5.1/lib/tinyusb/src/class/hid/hid_device.c.obj
LOAD CMakeFiles/BitDogAnalyzer.dir/home/melvin/.pico-sdk/sdk/1.5.1/lib/tinyusb/src/class/midi/midi_device.c.obj
LOAD CMakeFiles/BitDogAnalyzer.dir/home/melvin/.pico-sdk/sdk/1.5.1/lib/tinyusb/src/class/msc/msc_device.c.obj
LOAD CMakeFiles/BitDogAnalyzer.dir/home/melvin/.pico-sdk/sdk/1.5.1/lib/tinyusb/src/class/net/ecm_rndis_device.c.obj
LOAD CMakeFiles/BitDogAnalyzer.dir/home/melvin/.pico-sdk/sdk/1.5.1/lib/tinyusb/src/class/net/ncm_device.c.obj
LOAD CMakeFiles/BitDogAnalyzer.dir/home/melvin/.pico-sdk/sdk/1.5.1/lib/tinyusb/src/class/usbtmc/usbtmc_device.c.obj
LOAD CMakeFiles/BitDogAnalyzer.dir/home/melvin/.pico-sdk/sdk/1.5.1/lib/tinyusb/src/class/vendor/vendor_device.c.obj
LOAD CMakeFiles/BitDogAnalyzer.dir/home/melvin/.pico-sdk/sdk/1.5.1/lib/tinyusb/src/class/video/video_device.c.obj
LOAD CMakeFiles/BitDogAnalyzer.dir/home/melvin/.pico-sdk/sdk/1.5.1/lib/tinyusb/src/tusb.c.obj
LOAD CMakeFiles/BitDogAnalyzer.dir/home/melvin/.pico-sdk/sdk/1.5.1/lib/tinyusb/src/common/tusb_fifo.c.obj
LOAD CMakeFiles/BitDogAnalyzer.dir/home/melvin/.pico-sdk/sdk/1.5.1/src/rp2_common/pico_fix/rp2040_usb_device_enumeration/rp2040_usb_device_enumeration.c.obj
LOAD CMakeFiles/BitDogAnalyzer.dir/home/melvin/.pico-sdk/sdk/1.5.1/src/rp2_common/hardware_pio/pio.c.obj
LOAD CMakeFiles/BitDogAnalyzer.dir/home/melvin/.pico-sdk/sdk/1.5.1/src/rp2_common/hardware_dma/dma.c.obj
LOAD /tmp/ccQxO2Zc.o
LOAD /home/melvin/.pico-sdk/toolchain/13_2_Rel1/bin/../lib/gcc/arm-none-eabi/13.2.1/../../../../arm-none-eabi/lib/thumb/v6-m/nofp/libstdc++.a
LOAD /home/melvin/.pico-sdk/toolchain/13_2_Rel1/bin/../lib/gcc/arm-none-eabi/13.2.1/../../../../arm-none-eabi/lib/thumb/v6-m/nofp/libm.a
START GROUP
LOAD /home/melvin/.pico-sdk/toolchain/13_2_Rel1/bin/../lib/gcc/arm-none-eabi/13.2.1/thumb/v6-m/nofp/libgcc.a
LOAD /home/melvin/.pico-sdk/toolchain/13_2_Rel1/bin/../lib/gcc/arm-none-eabi/13.2.1/../../../../arm-none-eabi/lib/thumb/v6-m/nofp/libc.a
END GROUP
START GROUP
LOAD /home/melvin/.pico-sdk/toolchain/13_2_Rel1/bin/../lib/gcc/arm-none-eabi/13.2.1/thumb/v6-m/nofp/libgcc.a
LOAD /home/melvin/.pico-sdk/toolchain/13_2_Rel1/bin/../lib/gcc/arm-none-eabi/13.2.1/../../../../arm-none-eabi/lib/thumb/v6-m/nofp/libc.a
LOAD /home/melvin/.pico-sdk/toolchain/13_2_Rel1/bin/../lib/gcc/arm-none-eabi/13.2.1/../../../../arm-none-eabi/lib/thumb/v6-m/nofp/libnosys.a
END GROUP
LOAD /home/melvin/.pico-sdk/toolchain/13_2_Rel1/bin/../lib/gcc/arm-none-eabi/13.2.1/thumb/v6-m/nofp/crtend.o
LOAD /home/melvin/.pico-sdk/toolchain/13_2_Rel1/bin/../lib/gcc/arm-none-eabi/13.2.1/thumb/v6-m/nofp/crtn.o
OUTPUT(BitDogAnalyzer.elf elf32-littlearm)
LOAD linker stubs

.ARM.attributes
                0x00000000       0x28
 .ARM.attributes
                0x00000000       0x1e /home/melvin/.pico-sdk/toolchain/13_2_Rel1/bin/../lib/gcc/arm-none-eabi/13.2.1/thumb/v6-m/nofp/crti.o
 .ARM.attributes
                0x0000001e       0x2c /home/melvin/.pico-sdk/toolchain/13_2_Rel1/bin/../lib/gcc/arm-none-eabi/13.2.1/thumb/v6-m/nofp/crtbegin.o
 .ARM.attributes
                0x0000004a       0x2c CMakeFiles/BitDogAnalyzer.dir/BitDogAnalyzer.c.obj
 .ARM.attributes
                0x00000076       0x2c CMakeFiles/BitDogAnalyzer.dir/home/melvin/.pico-sdk/sdk/1.5.1/src/rp2_common/hardware_gpio/gpio.c.obj
 .ARM.attributes
                0x000000a2       0x2c CMakeFiles/BitDogAnalyzer.dir/home/melvin/.pico-sdk/sdk/1.5.1/src/rp2_common/pico_platform/platform.c.obj
 .ARM.attributes
                0x000000ce       0x2c CMakeFiles/BitDogAnalyzer.dir/home/melvin/.pico-sdk/sdk/1.5.1/src/rp2_common/hardware_claim/claim.c.obj
 .ARM.attributes
                0x000000fa       0x2c CMakeFiles/BitDogAnalyzer.dir/home/melvin/.pico-sdk/sdk/1.5.1/src/rp2_common/hardware_sync/sync.c.obj
 .ARM.attributes
                0x00000126       0x2c CMakeFiles/BitDogAnalyzer.dir/home/melvin/.pico-sdk/sdk/1.5.1/src/rp2_common/hardware_irq/irq.c.obj
 .ARM.attributes
                0x00000152       0x22 CMakeFiles/BitDogAnalyzer.dir/home/melvin/.pico-sdk/sdk/1.5.1/src/rp2_common/hardware_irq/irq_handler_chain.S.obj
 .ARM.attributes
                0x00000174       0x2c CMakeFiles/BitDogAnalyzer.dir/home/melvin/.pico-sdk/sdk/1.5.1/src/common/pico_sync/lock_core.c.obj
 .ARM.attributes
                0x000001a0       0x2c CMakeFiles/BitDogAnalyzer.dir/home/melvin/.pico-sdk/sdk/1.5.1/src/common/pico_sync/mutex.c.obj
 .ARM.attributes
                0x000001cc       0x2c CMakeFiles/BitDogAnalyzer.dir/home/melvin/.pico-sdk/sdk/1.5.1/src/common/pico_sync/critical_section.c.obj
 .ARM.attributes
                0x000001f8       0x2c CMakeFiles/BitDogAnalyzer.dir/home/melvin/.pico-sdk/sdk/1.5.1/src/common/pico_time/time.c.obj
 .ARM.attributes
                0x00000224       0x2c CMakeFiles/BitDogAnalyzer.dir/home/melvin/.pico-sdk/sdk/1.5.1/src/rp2_common/hardware_timer/timer.c.obj
 .ARM.attributes
                0x00000250       0x2c CMakeFiles/BitDogAnalyzer.dir/home/melvin/.pico-sdk/sdk/1.5.1/src/common/pico_util/pheap.c.obj
 .ARM.attributes
                0x0000027c       0x2c CMakeFiles/BitDogAnalyzer.dir/home/melvin/.pico-sdk/sdk/1.5.1/src/rp2_common/hardware_clocks/clocks.c.obj
 .ARM.attributes
                0x000002a8       0x2c CMakeFiles/BitDogAnalyzer.dir/home/melvin/.pico-sdk/sdk/1.5.1/src/rp2_common/hardware_pll/pll.c.obj
 .ARM.attributes
                0x000002d4       0x2c CMakeFiles/BitDogAnalyzer.dir/home/melvin/.pico-sdk/sdk/1.5.1/src/rp2_common/hardware_watchdog/watchdog.c.obj
 .ARM.attributes
                0x00000300       0x2c CMakeFiles/BitDogAnalyzer.dir/home/melvin/.pico-sdk/sdk/1.5.1/src/rp2_common/hardware_xosc/xosc.c.obj
 .ARM.attributes
                0x0000032c       0x2c CMakeFiles/BitDogAnalyzer.dir/home/melvin/.pico-sdk/sdk/1.5.1/src/rp2_common/pico_runtime/runtime.c.obj
 .ARM.attributes
                0x00000358       0x2c CMakeFiles/BitDogAnalyzer.dir/home/melvin/.pico-sdk/sdk/1.5.1/src/rp2_common/pico_printf/printf.c.obj
 .ARM.attributes
                0x00000384       0x22 CMakeFiles/BitDogAnalyzer.dir/home/melvin/.pico-sdk/sdk/1.5.1/src/rp2_common/pico_bit_ops/bit_ops_aeabi.S.obj
 .ARM.attributes